Component: ARM Compiler 5.06 update 6 (build 750) Tool: armlink [4d35ed]

==============================================================================

Section Cross References

    main.o(i.main) refers to _printf_percent.o(.ARM.Collect$$_printf_percent$$00000000) for _printf_percent
    main.o(i.main) refers to _printf_f.o(.ARM.Collect$$_printf_percent$$00000003) for _printf_f
    main.o(i.main) refers to printf1.o(x$fpl$printf1) for _printf_fp_dec
    main.o(i.main) refers to uart.o(i.USART2_Init) for USART2_Init
    main.o(i.main) refers to simple_neural_networks.o(i.hidden_nn) for hidden_nn
    main.o(i.main) refers to noretval__2printf.o(.text) for __2printf
    main.o(i.main) refers to simple_neural_networks.o(i.find_error_smpl) for find_error_smpl
    main.o(i.main) refers to main.o(.bss) for predicted_output
    main.o(i.main) refers to main.o(.data) for hidden_to_output_weights
    simple_neural_networks.o(i.elementwise_multiple) refers to dmul.o(x$fpl$dmul) for __aeabi_dmul
    simple_neural_networks.o(i.elementwise_multiple) refers to dflt_clz.o(x$fpl$dflt) for __aeabi_i2d
    simple_neural_networks.o(i.elementwise_multiple) refers to dleqf.o(x$fpl$dleqf) for __aeabi_cdcmple
    simple_neural_networks.o(i.find_error_) refers to dmul.o(x$fpl$dmul) for __aeabi_dmul
    simple_neural_networks.o(i.find_error_) refers to daddsub_clz.o(x$fpl$dsub) for __aeabi_dsub
    simple_neural_networks.o(i.find_error_) refers to d2f.o(x$fpl$d2f) for __aeabi_d2f
    simple_neural_networks.o(i.find_error_) refers to powf.o(i.__hardfp_powf) for __hardfp_powf
    simple_neural_networks.o(i.find_error_) refers to f2d.o(x$fpl$f2d) for __aeabi_f2d
    simple_neural_networks.o(i.find_error_smpl) refers to daddsub_clz.o(x$fpl$dsub) for __aeabi_dsub
    simple_neural_networks.o(i.find_error_smpl) refers to d2f.o(x$fpl$d2f) for __aeabi_d2f
    simple_neural_networks.o(i.find_error_smpl) refers to powf.o(i.__hardfp_powf) for __hardfp_powf
    simple_neural_networks.o(i.find_error_smpl) refers to f2d.o(x$fpl$f2d) for __aeabi_f2d
    simple_neural_networks.o(i.hidden_nn) refers to h1_alloc.o(.text) for malloc
    simple_neural_networks.o(i.hidden_nn) refers to simple_neural_networks.o(i.matrix_vector_multiplication) for matrix_vector_multiplication
    simple_neural_networks.o(i.hidden_nn) refers to h1_free.o(.text) for free
    simple_neural_networks.o(i.matrix_vector_multiplication) refers to dmul.o(x$fpl$dmul) for __aeabi_dmul
    simple_neural_networks.o(i.matrix_vector_multiplication) refers to daddsub_clz.o(x$fpl$dadd) for __aeabi_dadd
    simple_neural_networks.o(i.multiple_inputs_multiple_outputs_nn) refers to simple_neural_networks.o(i.matrix_vector_multiplication) for matrix_vector_multiplication
    simple_neural_networks.o(i.multiple_inputs_single_output_nn) refers to simple_neural_networks.o(i.weighted_sum) for weighted_sum
    simple_neural_networks.o(i.single_in_single_out_nn) refers to dmul.o(x$fpl$dmul) for __aeabi_dmul
    simple_neural_networks.o(i.single_input_multiple_output_nn) refers to simple_neural_networks.o(i.elementwise_multiple) for elementwise_multiple
    simple_neural_networks.o(i.weighted_sum) refers to dmul.o(x$fpl$dmul) for __aeabi_dmul
    simple_neural_networks.o(i.weighted_sum) refers to daddsub_clz.o(x$fpl$dadd) for __aeabi_dadd
    uart.o(i.fgetc) refers to uart.o(i.USART2_read) for USART2_read
    uart.o(i.fgetc) refers to uart.o(i.USART2_write) for USART2_write
    uart.o(i.fputc) refers to uart.o(i.USART2_write) for USART2_write
    uart.o(i.test_setup) refers to _scanf_int.o(.text) for _scanf_int
    uart.o(i.test_setup) refers to _printf_percent.o(.ARM.Collect$$_printf_percent$$00000000) for _printf_percent
    uart.o(i.test_setup) refers to _printf_d.o(.ARM.Collect$$_printf_percent$$00000009) for _printf_d
    uart.o(i.test_setup) refers to _printf_dec.o(.text) for _printf_int_dec
    uart.o(i.test_setup) refers to noretval__2printf.o(.text) for __2printf
    uart.o(i.test_setup) refers to __0scanf.o(.text) for __0scanf
    uart.o(i.test_setup) refers to gets.o(.text) for gets
    uart.o(i.test_setup) refers to puts.o(.text) for puts
    uart.o(i.test_setup) refers to uart.o(.data) for n
    uart.o(i.test_setup) refers to uart.o(.bss) for str
    startup_stm32f411xe.o(STACK) refers (Special) to heapauxi.o(.text) for __use_two_region_memory
    startup_stm32f411xe.o(HEAP) refers (Special) to heapauxi.o(.text) for __use_two_region_memory
    startup_stm32f411xe.o(RESET) refers (Special) to heapauxi.o(.text) for __use_two_region_memory
    startup_stm32f411xe.o(RESET) refers to startup_stm32f411xe.o(STACK) for __initial_sp
    startup_stm32f411xe.o(RESET) refers to startup_stm32f411xe.o(.text) for Reset_Handler
    startup_stm32f411xe.o(.text) refers (Special) to heapauxi.o(.text) for __use_two_region_memory
    startup_stm32f411xe.o(.text) refers to system_stm32f4xx.o(i.SystemInit) for SystemInit
    startup_stm32f411xe.o(.text) refers to __main.o(!!!main) for __main
[...]
    fpclassify.o(i.__ARM_fpclassify) refers (Special) to usenofp.o(x$fpl$usenofp) for __I$use$fp
    sys_stackheap_outer.o(.text) refers to libspace.o(.text) for __user_perproc_libspace
    sys_stackheap_outer.o(.text) refers to startup_stm32f411xe.o(.text) for __user_initial_stackheap
    rt_raise.o(.text) refers to __raise.o(.text) for __raise
    rt_raise.o(.text) refers to sys_exit.o(.text) for _sys_exit
    term_alloc.o(.text) refers (Special) to libshutdown2.o(.ARM.Collect$$libshutdown$$0000000E) for __rt_lib_shutdown_heap_2
    term_alloc.o(.text) refers to rt_heap_descriptor_intlibspace.o(.text) for __rt_heap_descriptor
    term_alloc.o(.text) refers to h1_final.o(.text) for __Heap_Finalize
    isspace.o(.text) refers to rt_ctype_table.o(.text) for __rt_ctype_table
    _scanf.o(.text) refers (Weak) to _scanf_int.o(.text) for _scanf_int
    exit.o(.text) refers to rtexit.o(.ARM.Collect$$rtexit$$00000000) for __rt_exit
    defsig_exit.o(.text) refers to sys_exit.o(.text) for _sys_exit
    defsig_rtmem_inner.o(.text) refers to defsig_general.o(.text) for __default_signal_display
    _get_argv_nomalloc.o(.text) refers (Special) to hrguard.o(.text) for __heap_region$guard
    _get_argv_nomalloc.o(.text) refers to defsig_rtmem_outer.o(.text) for __rt_SIGRTMEM
    _get_argv_nomalloc.o(.text) refers to sys_command.o(.text) for _sys_command_string
    libinit.o(.ARM.Collect$$libinit$$00000000) refers (Special) to libinit2.o(.ARM.Collect$$libinit$$0000002E) for __rt_lib_init_alloca_1
    libinit.o(.ARM.Collect$$libinit$$00000000) refers (Special) to libinit2.o(.ARM.Collect$$libinit$$0000002C) for __rt_lib_init_argv_1
    libinit.o(.ARM.Collect$$libinit$$00000000) refers (Special) to libinit2.o(.ARM.Collect$$libinit$$0000001B) for __rt_lib_init_atexit_1
    libinit.o(.ARM.Collect$$libinit$$00000000) refers (Special) to libinit2.o(.ARM.Collect$$libinit$$00000021) for __rt_lib_init_clock_1
    libinit.o(.ARM.Collect$$libinit$$00000000) refers (Special) to libinit2.o(.ARM.Collect$$libinit$$00000032) for __rt_lib_init_cpp_1
    libinit.o(.ARM.Collect$$libinit$$00000000) refers (Special) to libinit2.o(.ARM.Collect$$libinit$$00000030) for __rt_lib_init_exceptions_1
    libinit.o(.ARM.Collect$$libinit$$00000000) refers (Special) to libinit2.o(.ARM.Collect$$libinit$$00000001) for __rt_lib_init_fp_1
    libinit.o(.ARM.Collect$$libinit$$00000000) refers (Special) to libinit2.o(.ARM.Collect$$libinit$$0000001F) for __rt_lib_init_fp_trap_1
    libinit.o(.ARM.Collect$$libinit$$00000000) refers (Special) to libinit2.o(.ARM.Collect$$libinit$$00000023) for __rt_lib_init_getenv_1
    libinit.o(.ARM.Collect$$libinit$$00000000) refers (Special) to libinit2.o(.ARM.Collect$$libinit$$0000000A) for __rt_lib_init_heap_1
    libinit.o(.ARM.Collect$$libinit$$00000000) refers (Special) to libinit2.o(.ARM.Collect$$libinit$$00000011) for __rt_lib_init_lc_collate_1
    libinit.o(.ARM.Collect$$libinit$$00000000) refers (Special) to libinit2.o(.ARM.Collect$$libinit$$00000013) for __rt_lib_init_lc_ctype_1
    libinit.o(.ARM.Collect$$libinit$$00000000) refers (Special) to libinit2.o(.ARM.Collect$$libinit$$00000015) for __rt_lib_init_lc_monetary_1
    libinit.o(.ARM.Collect$$libinit$$00000000) refers (Special) to libinit2.o(.ARM.Collect$$libinit$$00000017) for __rt_lib_init_lc_numeric_1
    libinit.o(.ARM.Collect$$libinit$$00000000) refers (Special) to libinit2.o(.ARM.Collect$$libinit$$00000019) for __rt_lib_init_lc_time_1
    libinit.o(.ARM.Collect$$libinit$$00000000) refers (Special) to libinit2.o(.ARM.Collect$$libinit$$00000004) for __rt_lib_init_preinit_1
    libinit.o(.ARM.Collect$$libinit$$00000000) refers (Special) to libinit2.o(.ARM.Collect$$libinit$$0000000E) for __rt_lib_init_rand_1
    libinit.o(.ARM.Collect$$libinit$$00000000) refers (Special) to libinit2.o(.ARM.Collect$$libinit$$00000033) for __rt_lib_init_return
    libinit.o(.ARM.Collect$$libinit$$00000000) refers (Special) to libinit2.o(.ARM.Collect$$libinit$$0000001D) for __rt_lib_init_signal_1
    libinit.o(.ARM.Collect$$libinit$$00000000) refers (Special) to libinit2.o(.ARM.Collect$$libinit$$00000025) for __rt_lib_init_stdio_1
    libinit.o(.ARM.Collect$$libinit$$00000000) refers (Special) to libinit2.o(.ARM.Collect$$libinit$$0000000C) for __rt_lib_init_user_alloc_1
    sys_exit.o(.text) refers (Special) to use_no_semi.o(.text) for __I$use$semihosting
    sys_exit.o(.text) refers (Special) to indicate_semi.o(.text) for __semihosting_library_function
    rtexit.o(.ARM.Collect$$rtexit$$00000000) refers (Special) to rtexit2.o(.ARM.Collect$$rtexit$$00000004) for __rt_exit_exit
    rtexit.o(.ARM.Collect$$rtexit$$00000000) refers (Special) to rtexit2.o(.ARM.Collect$$rtexit$$00000003) for __rt_exit_ls
    rtexit.o(.ARM.Collect$$rtexit$$00000000) refers (Special) to rtexit2.o(.ARM.Collect$$rtexit$$00000002) for __rt_exit_prels_1
    rtexit.o(.ARM.exidx) refers (Special) to rtexit2.o(.ARM.Collect$$rtexit$$00000004) for __rt_exit_exit
    rtexit.o(.ARM.exidx) refers (Special) to rtexit2.o(.ARM.Collect$$rtexit$$00000003) for __rt_exit_ls
    rtexit.o(.ARM.exidx) refers (Special) to rtexit2.o(.ARM.Collect$$rtexit$$00000002) for __rt_exit_prels_1
    rtexit.o(.ARM.exidx) refers to rtexit.o(.ARM.Collect$$rtexit$$00000000) for .ARM.Collect$$rtexit$$00000000
    rt_ctype_table.o(.text) refers to rt_locale_intlibspace.o(.text) for __rt_locale
    rt_ctype_table.o(.text) refers to lc_ctype_c.o(locale$$code) for _get_lc_ctype
    __raise.o(.text) refers to defsig.o(CL$$defsig) for __default_signal_handler
    defsig_general.o(.text) refers to sys_wrch.o(.text) for _ttywrch
    libshutdown2.o(.ARM.Collect$$libshutdown$$0000000D) refers (Weak) to term_alloc.o(.text) for _terminate_alloc
    sys_wrch.o(.text) refers (Special) to use_no_semi.o(.text) for __I$use$semihosting
    sys_wrch.o(.text) refers (Special) to indicate_semi.o(.text) for __semihosting_library_function
    rtexit2.o(.ARM.Collect$$rtexit$$00000003) refers to libshutdown.o(.ARM.Collect$$libshutdown$$00000000) for __rt_lib_shutdown
    rtexit2.o(.ARM.Collect$$rtexit$$00000004) refers to sys_exit.o(.text) for _sys_exit
    rtexit2.o(.ARM.exidx) refers to rtexit2.o(.ARM.Collect$$rtexit$$00000001) for .ARM.Collect$$rtexit$$00000001
    rtexit2.o(.ARM.exidx) refers to rtexit2.o(.ARM.Collect$$rtexit$$00000003) for .ARM.Collect$$rtexit$$00000003
    rtexit2.o(.ARM.exidx) refers to rtexit2.o(.ARM.Collect$$rtexit$$00000004) for .ARM.Collect$$rtexit$$00000004
    lc_ctype_c.o(locale$$data) refers (Special) to libinit2.o(.ARM.Collect$$libinit$$00000012) for __rt_lib_init_lc_ctype_2
    lc_ctype_c.o(locale$$code) refers (Special) to libinit2.o(.ARM.Collect$$libinit$$00000012) for __rt_lib_init_lc_ctype_2
    lc_ctype_c.o(locale$$code) refers to strcmpv7m.o(.text) for strcmp
    lc_ctype_c.o(locale$$code) refers to lc_ctype_c.o(locale$$data) for __lcctype_c_name
    defsig.o(CL$$defsig) refers to defsig_rtmem_inner.o(.text) for __rt_SIGRTMEM_inner
    defsig_abrt_inner.o(.text) refers to defsig_general.o(.text) for __default_signal_display
    defsig_fpe_inner.o(.text) refers to defsig_general.o(.text) for __default_signal_display
    defsig_rtred_inner.o(.text) refers to defsig_general.o(.text) for __default_signal_display
    defsig_stak_inner.o(.text) refers to defsig_general.o(.text) for __default_signal_display
    defsig_pvfn_inner.o(.text) refers to defsig_general.o(.text) for __default_signal_display
    defsig_cppl_inner.o(.text) refers to defsig_general.o(.text) for __default_signal_display
    defsig_segv_inner.o(.text) refers to defsig_general.o(.text) for __default_signal_display
    defsig_other.o(.text) refers to defsig_general.o(.text) for __default_signal_display
    libshutdown.o(.ARM.Collect$$libshutdown$$00000000) refers (Special) to libshutdown2.o(.ARM.Collect$$libshutdown$$00000002) for __rt_lib_shutdown_cpp_1
    libshutdown.o(.ARM.Collect$$libshutdown$$00000000) refers (Special) to libshutdown2.o(.ARM.Collect$$libshutdown$$00000007) for __rt_lib_shutdown_fp_trap_1
    libshutdown.o(.ARM.Collect$$libshutdown$$00000000) refers (Special) to libshutdown2.o(.ARM.Collect$$libshutdown$$0000000F) for __rt_lib_shutdown_heap_1
    libshutdown.o(.ARM.Collect$$libshutdown$$00000000) refers (Special) to libshutdown2.o(.ARM.Collect$$libshutdown$$00000010) for __rt_lib_shutdown_return
    libshutdown.o(.ARM.Collect$$libshutdown$$00000000) refers (Special) to libshutdown2.o(.ARM.Collect$$libshutdown$$0000000A) for __rt_lib_shutdown_signal_1
    libshutdown.o(.ARM.Collect$$libshutdown$$00000000) refers (Special) to libshutdown2.o(.ARM.Collect$$libshutdown$$00000004) for __rt_lib_shutdown_stdio_1
    libshutdown.o(.ARM.Collect$$libshutdown$$00000000) refers (Special) to libshutdown2.o(.ARM.Collect$$libshutdown$$0000000C) for __rt_lib_shutdown_user_alloc_1


==============================================================================

Removing Unused input sections from the image.

    Removing main.o(.rev16_text), (4 bytes).
    Removing main.o(.revsh_text), (4 bytes).
    Removing main.o(.rrx_text), (6 bytes).
    Removing simple_neural_networks.o(i.elementwise_multiple), (92 bytes).
    Removing simple_neural_networks.o(i.find_error_), (98 bytes).
    Removing simple_neural_networks.o(i.multiple_inputs_multiple_outputs_nn), (44 bytes).
    Removing simple_neural_networks.o(i.multiple_inputs_single_output_nn), (44 bytes).
    Removing simple_neural_networks.o(i.single_in_single_out_nn), (44 bytes).
    Removing simple_neural_networks.o(i.single_input_multiple_output_nn), (56 bytes).
    Removing simple_neural_networks.o(i.weighted_sum), (100 bytes).
    Removing uart.o(.rev16_text), (4 bytes).
    Removing uart.o(.revsh_text), (4 bytes).
    Removing uart.o(.rrx_text), (6 bytes).
    Removing uart.o(i.USART2_read), (28 bytes).
    Removing uart.o(i.fgetc), (32 bytes).
    Removing uart.o(i.test_setup), (204 bytes).
    Removing uart.o(.bss), (80 bytes).
    Removing system_stm32f4xx.o(.rev16_text), (4 bytes).
    Removing system_stm32f4xx.o(.revsh_text), (4 bytes).
    Removing system_stm32f4xx.o(.rrx_text), (6 bytes).
    Removing system_stm32f4xx.o(i.SystemCoreClockUpdate), (192 bytes).
    Removing system_stm32f4xx.o(.constdata), (24 bytes).
    Removing system_stm32f4xx.o(.data), (4 bytes).

23 unused section(s) (total 1084 bytes) removed from the image.

==============================================================================

Image Symbol Table

    Local Symbols

    Symbol Name                              Value     Ov Type        Size  Object(Section)

    ../clib/angel/boardlib.s                 0x00000000   Number         0  boardshut.o ABSOLUTE
    ../clib/angel/boardlib.s                 0x00000000   Number         0  boardinit1.o ABSOLUTE
    ../clib/angel/boardlib.s                 0x00000000   Number         0  boardinit2.o ABSOLUTE
    ../clib/angel/boardlib.s                 0x00000000   Number         0  boardinit3.o ABSOLUTE
    ../clib/angel/handlers.s                 0x00000000   Number         0  __scatter_zi.o ABSOLUTE
    ../clib/angel/handlers.s                 0x00000000   Number         0  __scatter_copy.o ABSOLUTE
    ../clib/angel/kernel.s                   0x00000000   Number         0  __rtentry.o ABSOLUTE
    ../clib/angel/kernel.s                   0x00000000   Number         0  rtexit2.o ABSOLUTE
    ../clib/angel/kernel.s                   0x00000000   Number         0  rtexit.o ABSOLUTE
    ../clib/angel/kernel.s                   0x00000000   Number         0  __rtentry4.o ABSOLUTE
    ../clib/angel/kernel.s                   0x00000000   Number         0  __rtentry2.o ABSOLUTE
    ../clib/angel/rt.s                       0x00000000   Number         0  rt_raise.o ABSOLUTE
    ../clib/angel/rt.s                       0x00000000   Number         0  rt_locale_intlibspace.o ABSOLUTE
    ../clib/angel/rt.s                       0x00000000   Number         0  rt_ctype_table.o ABSOLUTE
    ../clib/angel/rt.s                       0x00000000   Number         0  rt_locale.o ABSOLUTE
    ../clib/angel/rt.s                       0x00000000   Number         0  rt_errno_addr.o ABSOLUTE
    ../clib/angel/rt.s                       0x00000000   Number         0  rt_errno_addr_intlibspace.o ABSOLUTE
    ../clib/angel/rt.s                       0x00000000   Number         0  rt_heap_descriptor_intlibspace.o ABSOLUTE
    ../clib/angel/rt.s                       0x00000000   Number         0  rt_heap_descriptor.o ABSOLUTE
    ../clib/angel/scatter.s                  0x00000000   Number         0  __scatter.o ABSOLUTE
    ../clib/angel/startup.s                  0x00000000   Number         0  __main.o ABSOLUTE
    ../clib/angel/sys.s                      0x00000000   Number         0  libspace.o ABSOLUTE
    ../clib/angel/sys.s                      0x00000000   Number         0  use_no_semi.o ABSOLUTE
    ../clib/angel/sys.s                      0x00000000   Number         0  indicate_semi.o ABSOLUTE
    ../clib/angel/sys.s                      0x00000000   Number         0  mutex_dummy.o ABSOLUTE
    ../clib/angel/sys.s                      0x00000000   Number         0  sys_stackheap_outer.o ABSOLUTE
    ../clib/angel/sysapp.c                   0x00000000   Number         0  sys_wrch.o ABSOLUTE
    ../clib/angel/sysapp.c                   0x00000000   Number         0  sys_command.o ABSOLUTE
    ../clib/angel/sysapp.c                   0x00000000   Number         0  sys_exit.o ABSOLUTE
    ../clib/armsys.c                         0x00000000   Number         0  argv_veneer.o ABSOLUTE
    ../clib/armsys.c                         0x00000000   Number         0  argv_veneer.o ABSOLUTE
    ../clib/armsys.c                         0x00000000   Number         0  no_argv.o ABSOLUTE
    ../clib/armsys.c                         0x00000000   Number         0  _get_argv.o ABSOLUTE
    ../clib/armsys.c                         0x00000000   Number         0  _get_argv_nomalloc.o ABSOLUTE
    ../clib/bigflt.c                         0x00000000   Number         0  bigflt0.o ABSOLUTE
    ../clib/btod.s                           0x00000000   Number         0  btod.o ABSOLUTE
    ../clib/ctype.c                          0x00000000   Number         0  isspace.o ABSOLUTE
    ../clib/fenv.c                           0x00000000   Number         0  _rserrno.o ABSOLUTE
    ../clib/heap1.c                          0x00000000   Number         0  h1_extend.o ABSOLUTE
    ../clib/heap1.c                          0x00000000   Number         0  h1_final_mt.o ABSOLUTE
    ../clib/heap1.c                          0x00000000   Number         0  h1_free_mt.o ABSOLUTE
    ../clib/heap1.c                          0x00000000   Number         0  h1_alloc_mt.o ABSOLUTE
    ../clib/heap1.c                          0x00000000   Number         0  h1_init.o ABSOLUTE
    ../clib/heap1.c                          0x00000000   Number         0  h1_free.o ABSOLUTE
    ../clib/heap1.c                          0x00000000   Number         0  h1_alloc.o ABSOLUTE
    ../clib/heap1.c                          0x00000000   Number         0  h1_extend_mt.o ABSOLUTE
    ../clib/heap1.c                          0x00000000   Number         0  h1_init_mt.o ABSOLUTE
    ../clib/heap1.c                          0x00000000   Number         0  h1_final.o ABSOLUTE
    ../clib/heap2.c                          0x00000000   Number         0  fdtree.o ABSOLUTE
    ../clib/heap2.c                          0x00000000   Number         0  heap2.o ABSOLUTE
    ../clib/heap2.c                          0x00000000   Number         0  heap2mt.o ABSOLUTE
    ../clib/heapalloc.c                      0x00000000   Number         0  maybetermalloc2.o ABSOLUTE
    ../clib/heapalloc.c                      0x00000000   Number         0  malloc.o ABSOLUTE
    ../clib/heapalloc.c                      0x00000000   Number         0  free.o ABSOLUTE
    ../clib/heapalloc.c                      0x00000000   Number         0  maybetermalloc1.o ABSOLUTE
    ../clib/heapalloc.c                      0x00000000   Number         0  maybetermalloc1.o ABSOLUTE
    ../clib/heapalloc.c                      0x00000000   Number         0  hrguard.o ABSOLUTE
    ../clib/heapalloc.c                      0x00000000   Number         0  maybetermalloc2.o ABSOLUTE
    ../clib/heapalloc.c                      0x00000000   Number         0  hguard.o ABSOLUTE
    ../clib/heapalloc.c                      0x00000000   Number         0  init_alloc.o ABSOLUTE
    ../clib/heapalloc.c                      0x00000000   Number         0  heapstubs.o ABSOLUTE
    ../clib/heapalloc.c                      0x00000000   Number         0  term_alloc.o ABSOLUTE
    ../clib/heapaux.c                        0x00000000   Number         0  heapauxa.o ABSOLUTE
    ../clib/heapaux.c                        0x00000000   Number         0  heapauxi.o ABSOLUTE
    ../clib/libinit.s                        0x00000000   Number         0  libinit.o ABSOLUTE
    ../clib/libinit.s                        0x00000000   Number         0  libshutdown.o ABSOLUTE
    ../clib/libinit.s                        0x00000000   Number         0  libinit2.o ABSOLUTE
    ../clib/libinit.s                        0x00000000   Number         0  libshutdown2.o ABSOLUTE
    ../clib/locale.s                         0x00000000   Number         0  lc_ctype_c.o ABSOLUTE
    ../clib/locale.s                         0x00000000   Number         0  lc_numeric_c.o ABSOLUTE
    ../clib/longlong.s                       0x00000000   Number         0  lludiv10.o ABSOLUTE
    ../clib/memcpset.s                       0x00000000   Number         0  strcmpv7m.o ABSOLUTE
    ../clib/memcpset.s                       0x00000000   Number         0  rt_memcpy_w.o ABSOLUTE
    ../clib/printf.c                         0x00000000   Number         0  __printf_nopercent.o ABSOLUTE
    ../clib/printf.c                         0x00000000   Number         0  _printf_intcommon.o ABSOLUTE
    ../clib/printf.c                         0x00000000   Number         0  _printf_fp_dec.o ABSOLUTE
    ../clib/printf.c                         0x00000000   Number         0  _printf_char_file.o ABSOLUTE
    ../clib/printf.c                         0x00000000   Number         0  noretval__2printf.o ABSOLUTE
    ../clib/printf.c                         0x00000000   Number         0  _printf_fp_infnan.o ABSOLUTE
    ../clib/printf.c                         0x00000000   Number         0  _printf_char_common.o ABSOLUTE
    ../clib/printf.c                         0x00000000   Number         0  __printf_flags_ss_wp.o ABSOLUTE
    ../clib/printf.c                         0x00000000   Number         0  __printf_ss_wp.o ABSOLUTE
    ../clib/printf.c                         0x00000000   Number         0  __printf_flags_wp.o ABSOLUTE
    ../clib/printf.c                         0x00000000   Number         0  __printf_wp.o ABSOLUTE
    ../clib/printf.c                         0x00000000   Number         0  __2printf.o ABSOLUTE
    ../clib/printf.c                         0x00000000   Number         0  __printf.o ABSOLUTE
    ../clib/printf.c                         0x00000000   Number         0  _printf_dec.o ABSOLUTE
    ../clib/printf.c                         0x00000000   Number         0  __printf_flags.o ABSOLUTE
    ../clib/printf.c                         0x00000000   Number         0  __printf_ss.o ABSOLUTE
    ../clib/printf.c                         0x00000000   Number         0  __printf_flags_ss.o ABSOLUTE
    ../clib/printf_percent.s                 0x00000000   Number         0  _printf_f.o ABSOLUTE
    ../clib/printf_percent.s                 0x00000000   Number         0  _printf_percent.o ABSOLUTE
    ../clib/printf_percent.s                 0x00000000   Number         0  _printf_d.o ABSOLUTE
    ../clib/printf_percent.s                 0x00000000   Number         0  _printf_percent_end.o ABSOLUTE
    ../clib/scanf.c                          0x00000000   Number         0  scanf_char.o ABSOLUTE
    ../clib/scanf.c                          0x00000000   Number         0  _scanf_int.o ABSOLUTE
    ../clib/scanf.c                          0x00000000   Number         0  __0scanf.o ABSOLUTE
    ../clib/scanf.c                          0x00000000   Number         0  _chval.o ABSOLUTE
    ../clib/scanf.c                          0x00000000   Number         0  scanf_char_file.o ABSOLUTE
    ../clib/scanf.c                          0x00000000   Number         0  _scanf.o ABSOLUTE
    ../clib/signal.c                         0x00000000   Number         0  defsig_cppl_inner.o ABSOLUTE
    ../clib/signal.c                         0x00000000   Number         0  __raise.o ABSOLUTE
    ../clib/signal.c                         0x00000000   Number         0  defsig_general.o ABSOLUTE
    ../clib/signal.c                         0x00000000   Number         0  defsig_abrt_inner.o ABSOLUTE
    ../clib/signal.c                         0x00000000   Number         0  defsig_fpe_inner.o ABSOLUTE
    ../clib/signal.c                         0x00000000   Number         0  defsig_rtmem_outer.o ABSOLUTE
    ../clib/signal.c                         0x00000000   Number         0  defsig_pvfn_inner.o ABSOLUTE
    ../clib/signal.c                         0x00000000   Number         0  defsig_rtred_inner.o ABSOLUTE
    ../clib/signal.c                         0x00000000   Number         0  defsig_other.o ABSOLUTE
    ../clib/signal.c                         0x00000000   Number         0  defsig_exit.o ABSOLUTE
    ../clib/signal.c                         0x00000000   Number         0  defsig_segv_inner.o ABSOLUTE
    ../clib/signal.c                         0x00000000   Number         0  defsig_rtmem_inner.o ABSOLUTE
    ../clib/signal.c                         0x00000000   Number         0  defsig_stak_inner.o ABSOLUTE
    ../clib/signal.c                         0x00000000   Number         0  defsig_rtmem_formal.o ABSOLUTE
    ../clib/signal.s                         0x00000000   Number         0  defsig.o ABSOLUTE
    ../clib/stdio.c                          0x00000000   Number         0  backspace_locked.o ABSOLUTE
    ../clib/stdio.c                          0x00000000   Number         0  backspace.o ABSOLUTE
    ../clib/stdio.c                          0x00000000   Number         0  ungetc.o ABSOLUTE
    ../clib/stdio.c                          0x00000000   Number         0  ferror_locked.o ABSOLUTE
    ../clib/stdio.c                          0x00000000   Number         0  puts.o ABSOLUTE
    ../clib/stdio.c                          0x00000000   Number         0  gets.o ABSOLUTE
    ../clib/stdio.c                          0x00000000   Number         0  ferror.o ABSOLUTE
    ../clib/stdlib.c                         0x00000000   Number         0  exit.o ABSOLUTE
    ../fplib/d2f.s                           0x00000000   Number         0  d2f.o ABSOLUTE
    ../fplib/daddsub.s                       0x00000000   Number         0  daddsub_clz.o ABSOLUTE
    ../fplib/dcmpi.s                         0x00000000   Number         0  dcmpi.o ABSOLUTE
    ../fplib/dflt.s                          0x00000000   Number         0  dflt_clz.o ABSOLUTE
    ../fplib/dleqf.s                         0x00000000   Number         0  dleqf.o ABSOLUTE
    ../fplib/dmul.s                          0x00000000   Number         0  dmul.o ABSOLUTE
    ../fplib/dnaninf.s                       0x00000000   Number         0  dnaninf.o ABSOLUTE
    ../fplib/dretinf.s                       0x00000000   Number         0  dretinf.o ABSOLUTE
    ../fplib/f2d.s                           0x00000000   Number         0  f2d.o ABSOLUTE
    ../fplib/fnaninf.s                       0x00000000   Number         0  fnaninf.o ABSOLUTE
    ../fplib/fpinit.s                        0x00000000   Number         0  fpinit.o ABSOLUTE
    ../fplib/fretinf.s                       0x00000000   Number         0  fretinf.o ABSOLUTE
    ../fplib/istatus.s                       0x00000000   Number         0  istatus.o ABSOLUTE
    ../fplib/printf1.s                       0x00000000   Number         0  printf1.o ABSOLUTE
    ../fplib/usenofp.s                       0x00000000   Number         0  usenofp.o ABSOLUTE
    ../mathlib/fpclassify.c                  0x00000000   Number         0  fpclassify.o ABSOLUTE
    ../mathlib/fpclassifyf.c                 0x00000000   Number         0  fpclassifyf.o ABSOLUTE
    ../mathlib/funder.c                      0x00000000   Number         0  funder.o ABSOLUTE
    ../mathlib/powf.c                        0x00000000   Number         0  powf_x.o ABSOLUTE
    ../mathlib/powf.c                        0x00000000   Number         0  powf.o ABSOLUTE
    RTE\Device\STM32F411VETx\startup_stm32f411xe.s 0x00000000   Number         0  startup_stm32f411xe.o ABSOLUTE
    RTE\Device\STM32F411VETx\system_stm32f4xx.c 0x00000000   Number         0  system_stm32f4xx.o ABSOLUTE
    RTE\\Device\\STM32F411VETx\\system_stm32f4xx.c 0x00000000   Number         0  system_stm32f4xx.o ABSOLUTE
    dc.s                                     0x00000000   Number         0  dc.o ABSOLUTE
    main.c                                   0x00000000   Number         0  main.o ABSOLUTE
    main.c                                   0x00000000   Number         0  main.o ABSOLUTE
    simple_neural_networks.c                 0x00000000   Number         0  simple_neural_networks.o ABSOLUTE
    uart.c                                   0x00000000   Number         0  uart.o ABSOLUTE
    uart.c                                   0x00000000   Number         0  uart.o ABSOLUTE
    RESET                                    0x08000000   Section      408  startup_stm32f411xe.o(RESET)
    !!!main                                  0x08000198   Section        8  __main.o(!!!main)
    !!!scatter                               0x080001a0   Section       52  __scatter.o(!!!scatter)
    !!handler_copy                           0x080001d4   Section       26  __scatter_copy.o(!!handler_copy)
    !!handler_zi                             0x080001f0   Section       28  __scatter_zi.o(!!handler_zi)
    .ARM.Collect$$_printf_percent$$00000000  0x0800020c   Section        0  _printf_percent.o(.ARM.Collect$$_printf_percent$$00000000)
    .ARM.Collect$$_printf_percent$$00000003  0x0800020c   Section        6  _printf_f.o(.ARM.Collect$$_printf_percent$$00000003)
    .ARM.Collect$$_printf_percent$$00000017  0x08000212   Section        4  _printf_percent_end.o(.ARM.Collect$$_printf_percent$$00000017)
    .ARM.Collect$$libinit$$00000000          0x08000216   Section        2  libinit.o(.ARM.Collect$$libinit$$00000000)
    .ARM.Collect$$libinit$$00000001          0x08000218   Section        4  libinit2.o(.ARM.Collect$$libinit$$00000001)
    .ARM.Collect$$libinit$$00000004          0x0800021c   Section        0  libinit2.o(.ARM.Collect$$libinit$$00000004)
    .ARM.Collect$$libinit$$00000005          0x0800021c   Section        8  libinit2.o(.ARM.Collect$$libinit$$00000005)
    .ARM.Collect$$libinit$$0000000A          0x08000224   Section        0  libinit2.o(.ARM.Collect$$libinit$$0000000A)
    .ARM.Collect$$libinit$$0000000C          0x08000224   Section        0  libinit2.o(.ARM.Collect$$libinit$$0000000C)
    .ARM.Collect$$libinit$$0000000E          0x08000224   Section        0  libinit2.o(.ARM.Collect$$libinit$$0000000E)
    .ARM.Collect$$libinit$$0000000F          0x08000224   Section        6  libinit2.o(.ARM.Collect$$libinit$$0000000F)
    .ARM.Collect$$libinit$$00000011          0x0800022a   Section        0  libinit2.o(.ARM.Collect$$libinit$$00000011)
    .ARM.Collect$$libinit$$00000013          0x0800022a   Section        0  libinit2.o(.ARM.Collect$$libinit$$00000013)
    .ARM.Collect$$libinit$$00000015          0x0800022a   Section        0  libinit2.o(.ARM.Collect$$libinit$$00000015)
    .ARM.Collect$$libinit$$00000016          0x0800022a   Section       10  libinit2.o(.ARM.Collect$$libinit$$00000016)
    .ARM.Collect$$libinit$$00000017          0x08000234   Section        0  libinit2.o(.ARM.Collect$$libinit$$00000017)
    .ARM.Collect$$libinit$$00000019          0x08000234   Section        0  libinit2.o(.ARM.Collect$$libinit$$00000019)
    .ARM.Collect$$libinit$$0000001B          0x08000234   Section        0  libinit2.o(.ARM.Collect$$libinit$$0000001B)
    .ARM.Collect$$libinit$$0000001D          0x08000234   Section        0  libinit2.o(.ARM.Collect$$libinit$$0000001D)
    .ARM.Collect$$libinit$$0000001F          0x08000234   Section        0  libinit2.o(.ARM.Collect$$libinit$$0000001F)
    .ARM.Collect$$libinit$$00000021          0x08000234   Section        0  libinit2.o(.ARM.Collect$$libinit$$00000021)
    .ARM.Collect$$libinit$$00000023          0x08000234   Section        0  libinit2.o(.ARM.Collect$$libinit$$00000023)
    .ARM.Collect$$libinit$$00000025          0x08000234   Section        0  libinit2.o(.ARM.Collect$$libinit$$00000025)
    .ARM.Collect$$libinit$$0000002C          0x08000234   Section        0  libinit2.o(.ARM.Collect$$libinit$$0000002C)
    .ARM.Collect$$libinit$$0000002E          0x08000234   Section        0  libinit2.o(.ARM.Collect$$libinit$$0000002E)
    .ARM.Collect$$libinit$$00000030          0x08000234   Section        0  libinit2.o(.ARM.Collect$$libinit$$00000030)
    .ARM.Collect$$libinit$$00000032          0x08000234   Section        0  libinit2.o(.ARM.Collect$$libinit$$00000032)
    .ARM.Collect$$libinit$$00000033          0x08000234   Section        2  libinit2.o(.ARM.Collect$$libinit$$00000033)
    .ARM.Collect$$libshutdown$$00000000      0x08000236   Section        2  libshutdown.o(.ARM.Collect$$libshutdown$$00000000)
    .ARM.Collect$$libshutdown$$00000002      0x08000238   Section        0  libshutdown2.o(.ARM.Collect$$libshutdown$$00000002)
    .ARM.Collect$$libshutdown$$00000004      0x08000238   Section        0  libshutdown2.o(.ARM.Collect$$libshutdown$$00000004)
    .ARM.Collect$$libshutdown$$00000007      0x08000238   Section        0  libshutdown2.o(.ARM.Collect$$libshutdown$$00000007)
    .ARM.Collect$$libshutdown$$0000000A      0x08000238   Section        0  libshutdown2.o(.ARM.Collect$$libshutdown$$0000000A)
    .ARM.Collect$$libshutdown$$0000000C      0x08000238   Section        0  libshutdown2.o(.ARM.Collect$$libshutdown$$0000000C)
    .ARM.Collect$$libshutdown$$0000000F      0x08000238   Section        0  libshutdown2.o(.ARM.Collect$$libshutdown$$0000000F)
    .ARM.Collect$$libshutdown$$00000010      0x08000238   Section        2  libshutdown2.o(.ARM.Collect$$libshutdown$$00000010)
    .ARM.Collect$$rtentry$$00000000          0x0800023a   Section        0  __rtentry.o(.ARM.Collect$$rtentry$$00000000)
    .ARM.Collect$$rtentry$$00000002          0x0800023a   Section        0  __rtentry2.o(.ARM.Collect$$rtentry$$00000002)
    .ARM.Collect$$rtentry$$00000004          0x0800023a   Section        6  __rtentry4.o(.ARM.Collect$$rtentry$$00000004)
    .ARM.Collect$$rtentry$$00000009          0x08000240   Section        0  __rtentry2.o(.ARM.Collect$$rtentry$$00000009)
    .ARM.Collect$$rtentry$$0000000A          0x08000240   Section        4  __rtentry2.o(.ARM.Collect$$rtentry$$0000000A)
    .ARM.Collect$$rtentry$$0000000C          0x08000244   Section        0  __rtentry2.o(.ARM.Collect$$rtentry$$0000000C)
    .ARM.Collect$$rtentry$$0000000D          0x08000244   Section        8  __rtentry2.o(.ARM.Collect$$rtentry$$0000000D)
    .ARM.Collect$$rtexit$$00000000           0x0800024c   Section        2  rtexit.o(.ARM.Collect$$rtexit$$00000000)
    .ARM.Collect$$rtexit$$00000002           0x0800024e   Section        0  rtexit2.o(.ARM.Collect$$rtexit$$00000002)
    .ARM.Collect$$rtexit$$00000003           0x0800024e   Section        4  rtexit2.o(.ARM.Collect$$rtexit$$00000003)
    .ARM.Collect$$rtexit$$00000004           0x08000252   Section        6  rtexit2.o(.ARM.Collect$$rtexit$$00000004)
    .emb_text                                0x08000258   Section        0  maybetermalloc1.o(.emb_text)
    .text                                    0x08000258   Section       64  startup_stm32f411xe.o(.text)
    $v0                                      0x08000258   Number         0  startup_stm32f411xe.o(.text)
    .text                                    0x08000298   Section        0  h1_alloc.o(.text)
    .text                                    0x080002f6   Section        0  h1_free.o(.text)
    .text                                    0x08000344   Section        0  noretval__2printf.o(.text)
    .text                                    0x0800035c   Section        0  __printf.o(.text)
    .text                                    0x080003c4   Section        0  heapauxi.o(.text)
    .text                                    0x080003cc   Section        8  rt_heap_descriptor_intlibspace.o(.text)
    .text                                    0x080003d4   Section        0  hguard.o(.text)
    .text                                    0x080003d8   Section        0  init_alloc.o(.text)
    .text                                    0x08000462   Section        0  h1_init.o(.text)
    .text                                    0x08000470   Section        0  _rserrno.o(.text)
    .text                                    0x08000486   Section        0  _printf_fp_dec.o(.text)
    _fp_digits                               0x08000489   Thumb Code   432  _printf_fp_dec.o(.text)
    .text                                    0x080008a4   Section        0  _printf_char_file.o(.text)
    .text                                    0x080008c8   Section        0  ferror.o(.text)
    .text                                    0x080008d0   Section        8  libspace.o(.text)
    .text                                    0x080008d8   Section        8  rt_locale_intlibspace.o(.text)
    .text                                    0x080008e0   Section        8  rt_errno_addr_intlibspace.o(.text)
    .text                                    0x080008e8   Section        0  h1_extend.o(.text)
    .text                                    0x0800091c   Section      138  lludiv10.o(.text)
    .text                                    0x080009a8   Section        0  _printf_char_common.o(.text)
    _printf_input_char                       0x080009a9   Thumb Code    10  _printf_char_common.o(.text)
    .text                                    0x080009d8   Section        0  _printf_fp_infnan.o(.text)
    .text                                    0x08000a58   Section        0  bigflt0.o(.text)
    .text                                    0x08000b3c   Section        0  defsig_rtmem_outer.o(.text)
    .text                                    0x08000b4a   Section        2  use_no_semi.o(.text)
    .text                                    0x08000b4c   Section       74  sys_stackheap_outer.o(.text)
    .text                                    0x08000b4c   Section        0  indicate_semi.o(.text)
    .text                                    0x08000b96   Section        0  exit.o(.text)
    .text                                    0x08000ba8   Section        0  defsig_exit.o(.text)
    .text                                    0x08000bb4   Section        0  defsig_rtmem_inner.o(.text)
    .text                                    0x08000c04   Section      128  strcmpv7m.o(.text)
    .text                                    0x08000c84   Section        0  sys_exit.o(.text)
    .text                                    0x08000c90   Section        0  defsig_general.o(.text)
    .text                                    0x08000cc2   Section        0  sys_wrch.o(.text)
    CL$$btod_d2e                             0x08000cd0   Section       62  btod.o(CL$$btod_d2e)
    CL$$btod_d2e_denorm_low                  0x08000d0e   Section       70  btod.o(CL$$btod_d2e_denorm_low)
    CL$$btod_d2e_norm_op1                    0x08000d54   Section       96  btod.o(CL$$btod_d2e_norm_op1)
    CL$$btod_div_common                      0x08000db4   Section      824  btod.o(CL$$btod_div_common)
    CL$$btod_e2e                             0x080010ec   Section      220  btod.o(CL$$btod_e2e)
    CL$$btod_ediv                            0x080011c8   Section       42  btod.o(CL$$btod_ediv)
    CL$$btod_emul                            0x080011f2   Section       42  btod.o(CL$$btod_emul)
    CL$$btod_mult_common                     0x0800121c   Section      580  btod.o(CL$$btod_mult_common)
    i.SystemInit                             0x08001460   Section        0  system_stm32f4xx.o(i.SystemInit)
    i.USART2_Init                            0x080014c4   Section        0  uart.o(i.USART2_Init)
    i.USART2_write                           0x08001540   Section        0  uart.o(i.USART2_write)
    i.__ARM_fpclassify                       0x0800155c   Section        0  fpclassify.o(i.__ARM_fpclassify)
    i.__ARM_fpclassifyf                      0x0800158c   Section        0  fpclassifyf.o(i.__ARM_fpclassifyf)
    i.__hardfp_powf                          0x080015b4   Section        0  powf.o(i.__hardfp_powf)
    i.__mathlib_flt_divzero                  0x08001c18   Section        0  funder.o(i.__mathlib_flt_divzero)
    i.__mathlib_flt_infnan2                  0x08001c2c   Section        0  funder.o(i.__mathlib_flt_infnan2)
    i.__mathlib_flt_invalid                  0x08001c34   Section        0  funder.o(i.__mathlib_flt_invalid)
    i.__mathlib_flt_overflow                 0x08001c44   Section        0  funder.o(i.__mathlib_flt_overflow)
    i.__mathlib_flt_underflow                0x08001c54   Section        0  funder.o(i.__mathlib_flt_underflow)
    i.find_error_smpl                        0x08001c64   Section        0  simple_neural_networks.o(i.find_error_smpl)
    i.fputc                                  0x08001cb2   Section        0  uart.o(i.fputc)
    i.hidden_nn                              0x08001cc0   Section        0  simple_neural_networks.o(i.hidden_nn)
    i.main                                   0x08001d18   Section        0  main.o(i.main)
    i.matrix_vector_multiplication           0x08001ebc   Section        0  simple_neural_networks.o(i.matrix_vector_multiplication)
    locale$$code                             0x08001f54   Section       44  lc_numeric_c.o(locale$$code)
    x$fpl$d2f                                0x08001f80   Section       98  d2f.o(x$fpl$d2f)
    $v0                                      0x08001f80   Number         0  d2f.o(x$fpl$d2f)
    x$fpl$dadd                               0x08001fe4   Section      336  daddsub_clz.o(x$fpl$dadd)
    $v0                                      0x08001fe4   Number         0  daddsub_clz.o(x$fpl$dadd)
    _dadd1                                   0x08001ff5   Thumb Code     0  daddsub_clz.o(x$fpl$dadd)
    x$fpl$dmul                               0x08002134   Section      340  dmul.o(x$fpl$dmul)
    $v0                                      0x08002134   Number         0  dmul.o(x$fpl$dmul)
    x$fpl$dnaninf                            0x08002288   Section      156  dnaninf.o(x$fpl$dnaninf)
    $v0                                      0x08002288   Number         0  dnaninf.o(x$fpl$dnaninf)
    x$fpl$dretinf                            0x08002324   Section       12  dretinf.o(x$fpl$dretinf)
    $v0                                      0x08002324   Number         0  dretinf.o(x$fpl$dretinf)
    x$fpl$dsub                               0x08002330   Section      468  daddsub_clz.o(x$fpl$dsub)
    $v0                                      0x08002330   Number         0  daddsub_clz.o(x$fpl$dsub)
    _dsub1                                   0x08002341   Thumb Code     0  daddsub_clz.o(x$fpl$dsub)
    x$fpl$f2d                                0x08002504   Section       86  f2d.o(x$fpl$f2d)
    $v0                                      0x08002504   Number         0  f2d.o(x$fpl$f2d)
    x$fpl$fnaninf                            0x0800255a   Section      140  fnaninf.o(x$fpl$fnaninf)
    $v0                                      0x0800255a   Number         0  fnaninf.o(x$fpl$fnaninf)
    x$fpl$fpinit                             0x080025e6   Section       10  fpinit.o(x$fpl$fpinit)
    $v0                                      0x080025e6   Number         0  fpinit.o(x$fpl$fpinit)
    x$fpl$fretinf                            0x080025f0   Section       10  fretinf.o(x$fpl$fretinf)
    $v0                                      0x080025f0   Number         0  fretinf.o(x$fpl$fretinf)
    x$fpl$printf1                            0x080025fa   Section        4  printf1.o(x$fpl$printf1)
    $v0                                      0x080025fa   Number         0  printf1.o(x$fpl$printf1)
    x$fpl$usenofp                            0x080025fe   Section        0  usenofp.o(x$fpl$usenofp)
    .constdata                               0x08002600   Section      320  powf.o(.constdata)
    table                                    0x08002600   Data         128  powf.o(.constdata)
    powersof2to1over16top                    0x08002680   Data          64  powf.o(.constdata)
    powersof2to1over16bot                    0x080026c0   Data          64  powf.o(.constdata)
    powersof2to1over16all                    0x08002700   Data          64  powf.o(.constdata)
    .constdata                               0x08002740   Section      148  bigflt0.o(.constdata)
    tenpwrs_x                                0x08002740   Data          60  bigflt0.o(.constdata)
    tenpwrs_i                                0x0800277c   Data          64  bigflt0.o(.constdata)
    locale$$data                             0x080027f4   Section       28  lc_numeric_c.o(locale$$data)
    __lcnum_c_name                           0x080027f8   Data           2  lc_numeric_c.o(locale$$data)
    __lcnum_c_start                          0x08002800   Data           0  lc_numeric_c.o(locale$$data)
    __lcnum_c_point                          0x0800280c   Data           0  lc_numeric_c.o(locale$$data)
    __lcnum_c_thousands                      0x0800280e   Data           0  lc_numeric_c.o(locale$$data)
    __lcnum_c_grouping                       0x0800280f   Data           0  lc_numeric_c.o(locale$$data)
    __lcnum_c_end                            0x08002810   Data           0  lc_numeric_c.o(locale$$data)
    .data                                    0x20000000   Section      192  main.o(.data)
    .data                                    0x200000c0   Section       16  uart.o(.data)
    .bss                                     0x200000d0   Section       24  main.o(.bss)
    .bss                                     0x200000e8   Section       96  libspace.o(.bss)
    HEAP                                     0x20000148   Section      512  startup_stm32f411xe.o(HEAP)
    Heap_Mem                                 0x20000148   Data         512  startup_stm32f411xe.o(HEAP)
    STACK                                    0x20000348   Section     1024  startup_stm32f411xe.o(STACK)
    Stack_Mem                                0x20000348   Data        1024  startup_stm32f411xe.o(STACK)
    __initial_sp                             0x20000748   Data           0  startup_stm32f411xe.o(STACK)

    Global Symbols

    Symbol Name                              Value     Ov Type        Size  Object(Section)

    BuildAttributes$$THM_ISAv4$E$P$D$K$B$S$7EM$VFPi3$EXTD16$VFPS$VFMA$PE$A:L22UL41UL21$X:L11$S22US41US21$IEEE1$IW$USESV6$~STKCKD$USESV7$~SHL$OTIME$ROPI$IEEEX$EBA8$UX$STANDARDLIB$REQ8$PRES8$EABIv2 0x00000000   Number         0  anon$$obj.o ABSOLUTE
    __ARM_use_no_argv                        0x00000000   Number         0  main.o ABSOLUTE
    __ARM_exceptions_init                     - Undefined Weak Reference
    __alloca_initialize                       - Undefined Weak Reference
    __arm_preinit_                            - Undefined Weak Reference
    __cpp_initialize__aeabi_                  - Undefined Weak Reference
    __cxa_finalize                            - Undefined Weak Reference
    __sigvec_lookup                           - Undefined Weak Reference
    __user_heap_extent                        - Undefined Weak Reference
    _atexit_init                              - Undefined Weak Reference
    _call_atexit_fns                          - Undefined Weak Reference
    _clock_init                               - Undefined Weak Reference
    _fp_trap_init                             - Undefined Weak Reference
    _fp_trap_shutdown                         - Undefined Weak Reference
    _get_lc_collate                           - Undefined Weak Reference
    _get_lc_monetary                          - Undefined Weak Reference
    _get_lc_time                              - Undefined Weak Reference
    _getenv_init                              - Undefined Weak Reference
    _handle_redirection                       - Undefined Weak Reference
    _initio                                   - Undefined Weak Reference
    _mutex_acquire                            - Undefined Weak Reference
    _mutex_free                               - Undefined Weak Reference
    _mutex_release                            - Undefined Weak Reference
    _printf_post_padding                      - Undefined Weak Reference
    _printf_pre_padding                       - Undefined Weak Reference
    _printf_truncate_signed                   - Undefined Weak Reference
    _printf_truncate_unsigned                 - Undefined Weak Reference
    _rand_init                                - Undefined Weak Reference
    _scanf_longlong                           - Undefined Weak Reference
    _scanf_mbtowc                             - Undefined Weak Reference
    _scanf_real                               - Undefined Weak Reference
    _scanf_string                             - Undefined Weak Reference
    _scanf_wctomb                             - Undefined Weak Reference
    _scanf_wstring                            - Undefined Weak Reference
    _signal_finish                            - Undefined Weak Reference
    _signal_init                              - Undefined Weak Reference
    _terminateio                              - Undefined Weak Reference
    __Vectors_Size                           0x00000198   Number         0  startup_stm32f411xe.o ABSOLUTE
    __Vectors                                0x08000000   Data           4  startup_stm32f411xe.o(RESET)
    __Vectors_End                            0x08000198   Data           0  startup_stm32f411xe.o(RESET)
    __main                                   0x08000199   Thumb Code     8  __main.o(!!!main)
    __scatterload                            0x080001a1   Thumb Code     0  __scatter.o(!!!scatter)
    __scatterload_rt2                        0x080001a1   Thumb Code    44  __scatter.o(!!!scatter)
    __scatterload_rt2_thumb_only             0x080001a1   Thumb Code     0  __scatter.o(!!!scatter)
    __scatterload_null                       0x080001af   Thumb Code     0  __scatter.o(!!!scatter)
    __scatterload_copy                       0x080001d5   Thumb Code    26  __scatter_copy.o(!!handler_copy)
    __scatterload_zeroinit                   0x080001f1   Thumb Code    28  __scatter_zi.o(!!handler_zi)
    _printf_f                                0x0800020d   Thumb Code     0  _printf_f.o(.ARM.Collect$$_printf_percent$$00000003)
    _printf_percent                          0x0800020d   Thumb Code     0  _printf_percent.o(.ARM.Collect$$_printf_percent$$00000000)
    _printf_percent_end                      0x08000213   Thumb Code     0  _printf_percent_end.o(.ARM.Collect$$_printf_percent$$00000017)
    __rt_lib_init                            0x08000217   Thumb Code     0  libinit.o(.ARM.Collect$$libinit$$00000000)
    __rt_lib_init_fp_1                       0x08000219   Thumb Code     0  libinit2.o(.ARM.Collect$$libinit$$00000001)
    __rt_lib_init_heap_2                     0x0800021d   Thumb Code     0  libinit2.o(.ARM.Collect$$libinit$$00000005)
    __rt_lib_init_preinit_1                  0x0800021d   Thumb Code     0  libinit2.o(.ARM.Collect$$libinit$$00000004)
    __rt_lib_init_heap_1                     0x08000225   Thumb Code     0  libinit2.o(.ARM.Collect$$libinit$$0000000A)
    __rt_lib_init_lc_common                  0x08000225   Thumb Code     0  libinit2.o(.ARM.Collect$$libinit$$0000000F)
    __rt_lib_init_rand_1                     0x08000225   Thumb Code     0  libinit2.o(.ARM.Collect$$libinit$$0000000E)
    __rt_lib_init_user_alloc_1               0x08000225   Thumb Code     0  libinit2.o(.ARM.Collect$$libinit$$0000000C)
    __rt_lib_init_lc_collate_1               0x0800022b   Thumb Code     0  libinit2.o(.ARM.Collect$$libinit$$00000011)
    __rt_lib_init_lc_ctype_1                 0x0800022b   Thumb Code     0  libinit2.o(.ARM.Collect$$libinit$$00000013)
    __rt_lib_init_lc_monetary_1              0x0800022b   Thumb Code     0  libinit2.o(.ARM.Collect$$libinit$$00000015)
    __rt_lib_init_lc_numeric_2               0x0800022b   Thumb Code     0  libinit2.o(.ARM.Collect$$libinit$$00000016)
    __rt_lib_init_alloca_1                   0x08000235   Thumb Code     0  libinit2.o(.ARM.Collect$$libinit$$0000002E)
    __rt_lib_init_argv_1                     0x08000235   Thumb Code     0  libinit2.o(.ARM.Collect$$libinit$$0000002C)
    __rt_lib_init_atexit_1                   0x08000235   Thumb Code     0  libinit2.o(.ARM.Collect$$libinit$$0000001B)
    __rt_lib_init_clock_1                    0x08000235   Thumb Code     0  libinit2.o(.ARM.Collect$$libinit$$00000021)
    __rt_lib_init_cpp_1                      0x08000235   Thumb Code     0  libinit2.o(.ARM.Collect$$libinit$$00000032)
    __rt_lib_init_exceptions_1               0x08000235   Thumb Code     0  libinit2.o(.ARM.Collect$$libinit$$00000030)
    __rt_lib_init_fp_trap_1                  0x08000235   Thumb Code     0  libinit2.o(.ARM.Collect$$libinit$$0000001F)
    __rt_lib_init_getenv_1                   0x08000235   Thumb Code     0  libinit2.o(.ARM.Collect$$libinit$$00000023)
    __rt_lib_init_lc_numeric_1               0x08000235   Thumb Code     0  libinit2.o(.ARM.Collect$$libinit$$00000017)
    __rt_lib_init_lc_time_1                  0x08000235   Thumb Code     0  libinit2.o(.ARM.Collect$$libinit$$00000019)
    __rt_lib_init_return                     0x08000235   Thumb Code     0  libinit2.o(.ARM.Collect$$libinit$$00000033)
    __rt_lib_init_signal_1                   0x08000235   Thumb Code     0  libinit2.o(.ARM.Collect$$libinit$$0000001D)
    __rt_lib_init_stdio_1                    0x08000235   Thumb Code     0  libinit2.o(.ARM.Collect$$libinit$$00000025)
    __rt_lib_shutdown                        0x08000237   Thumb Code     0  libshutdown.o(.ARM.Collect$$libshutdown$$00000000)
    __rt_lib_shutdown_cpp_1                  0x08000239   Thumb Code     0  libshutdown2.o(.ARM.Collect$$libshutdown$$00000002)
    __rt_lib_shutdown_fp_trap_1              0x08000239   Thumb Code     0  libshutdown2.o(.ARM.Collect$$libshutdown$$00000007)
    __rt_lib_shutdown_heap_1                 0x08000239   Thumb Code     0  libshutdown2.o(.ARM.Collect$$libshutdown$$0000000F)
    __rt_lib_shutdown_return                 0x08000239   Thumb Code     0  libshutdown2.o(.ARM.Collect$$libshutdown$$00000010)
    __rt_lib_shutdown_signal_1               0x08000239   Thumb Code     0  libshutdown2.o(.ARM.Collect$$libshutdown$$0000000A)
    __rt_lib_shutdown_stdio_1                0x08000239   Thumb Code     0  libshutdown2.o(.ARM.Collect$$libshutdown$$00000004)
    __rt_lib_shutdown_user_alloc_1           0x08000239   Thumb Code     0  libshutdown2.o(.ARM.Collect$$libshutdown$$0000000C)
    __rt_entry                               0x0800023b   Thumb Code     0  __rtentry.o(.ARM.Collect$$rtentry$$00000000)
    __rt_entry_presh_1                       0x0800023b   Thumb Code     0  __rtentry2.o(.ARM.Collect$$rtentry$$00000002)
    __rt_entry_sh                            0x0800023b   Thumb Code     0  __rtentry4.o(.ARM.Collect$$rtentry$$00000004)
    __rt_entry_li                            0x08000241   Thumb Code     0  __rtentry2.o(.ARM.Collect$$rtentry$$0000000A)
    __rt_entry_postsh_1                      0x08000241   Thumb Code     0  __rtentry2.o(.ARM.Collect$$rtentry$$00000009)
    __rt_entry_main                          0x08000245   Thumb Code     0  __rtentry2.o(.ARM.Collect$$rtentry$$0000000D)
    __rt_entry_postli_1                      0x08000245   Thumb Code     0  __rtentry2.o(.ARM.Collect$$rtentry$$0000000C)
    __rt_exit                                0x0800024d   Thumb Code     0  rtexit.o(.ARM.Collect$$rtexit$$00000000)
    __rt_exit_ls                             0x0800024f   Thumb Code     0  rtexit2.o(.ARM.Collect$$rtexit$$00000003)
    __rt_exit_prels_1                        0x0800024f   Thumb Code     0  rtexit2.o(.ARM.Collect$$rtexit$$00000002)
    __rt_exit_exit                           0x08000253   Thumb Code     0  rtexit2.o(.ARM.Collect$$rtexit$$00000004)
    Reset_Handler                            0x08000259   Thumb Code     8  startup_stm32f411xe.o(.text)
    _maybe_terminate_alloc                   0x08000259   Thumb Code     0  maybetermalloc1.o(.emb_text)
    NMI_Handler                              0x08000261   Thumb Code     2  startup_stm32f411xe.o(.text)
    HardFault_Handler                        0x08000263   Thumb Code     2  startup_stm32f411xe.o(.text)
    MemManage_Handler                        0x08000265   Thumb Code     2  startup_stm32f411xe.o(.text)
    BusFault_Handler                         0x08000267   Thumb Code     2  startup_stm32f411xe.o(.text)
    UsageFault_Handler                       0x08000269   Thumb Code     2  startup_stm32f411xe.o(.text)
    SVC_Handler                              0x0800026b   Thumb Code     2  startup_stm32f411xe.o(.text)
    DebugMon_Handler                         0x0800026d   Thumb Code     2  startup_stm32f411xe.o(.text)
    PendSV_Handler                           0x0800026f   Thumb Code     2  startup_stm32f411xe.o(.text)
    SysTick_Handler                          0x08000271   Thumb Code     2  startup_stm32f411xe.o(.text)
    ADC_IRQHandler                           0x08000273   Thumb Code     0  startup_stm32f411xe.o(.text)
    DMA1_Stream0_IRQHandler                  0x08000273   Thumb Code     0  startup_stm32f411xe.o(.text)
    DMA1_Stream1_IRQHandler                  0x08000273   Thumb Code     0  startup_stm32f411xe.o(.text)
    DMA1_Stream2_IRQHandler                  0x08000273   Thumb Code     0  startup_stm32f411xe.o(.text)
    DMA1_Stream3_IRQHandler                  0x08000273   Thumb Code     0  startup_stm32f411xe.o(.text)
    DMA1_Stream4_IRQHandler                  0x08000273   Thumb Code     0  startup_stm32f411xe.o(.text)
    DMA1_Stream5_IRQHandler                  0x08000273   Thumb Code     0  startup_stm32f411xe.o(.text)
    DMA1_Stream6_IRQHandler                  0x08000273   Thumb Code     0  startup_stm32f411xe.o(.text)
    DMA1_Stream7_IRQHandler                  0x08000273   Thumb Code     0  startup_stm32f411xe.o(.text)
    DMA2_Stream0_IRQHandler                  0x08000273   Thumb Code     0  startup_stm32f411xe.o(.text)
    DMA2_Stream1_IRQHandler                  0x08000273   Thumb Code     0  startup_stm32f411xe.o(.text)
    DMA2_Stream2_IRQHandler                  0x08000273   Thumb Code     0  startup_stm32f411xe.o(.text)
    DMA2_Stream3_IRQHandler                  0x08000273   Thumb Code     0  startup_stm32f411xe.o(.text)
    DMA2_Stream4_IRQHandler                  0x08000273   Thumb Code     0  startup_stm32f411xe.o(.text)
    DMA2_Stream5_IRQHandler                  0x08000273   Thumb Code     0  startup_stm32f411xe.o(.text)
    DMA2_Stream6_IRQHandler                  0x08000273   Thumb Code     0  startup_stm32f411xe.o(.text)
    DMA2_Stream7_IRQHandler                  0x08000273   Thumb Code     0  startup_stm32f411xe.o(.text)
    EXTI0_IRQHandler                         0x08000273   Thumb Code     0  startup_stm32f411xe.o(.text)
    EXTI15_10_IRQHandler                     0x08000273   Thumb Code     0  startup_stm32f411xe.o(.text)
    EXTI1_IRQHandler                         0x08000273   Thumb Code     0  startup_stm32f411xe.o(.text)
    EXTI2_IRQHandler                         0x08000273   Thumb Code     0  startup_stm32f411xe.o(.text)
    EXTI3_IRQHandler                         0x08000273   Thumb Code     0  startup_stm32f411xe.o(.text)
    EXTI4_IRQHandler                         0x08000273   Thumb Code     0  startup_stm32f411xe.o(.text)
    EXTI9_5_IRQHandler                       0x08000273   Thumb Code     0  startup_stm32f411xe.o(.text)
    FLASH_IRQHandler                         0x08000273   Thumb Code     0  startup_stm32f411xe.o(.text)
    FPU_IRQHandler                           0x08000273   Thumb Code     0  startup_stm32f411xe.o(.text)
    I2C1_ER_IRQHandler                       0x08000273   Thumb Code     0  startup_stm32f411xe.o(.text)
    I2C1_EV_IRQHandler                       0x08000273   Thumb Code     0  startup_stm32f411xe.o(.text)
    I2C2_ER_IRQHandler                       0x08000273   Thumb Code     0  startup_stm32f411xe.o(.text)
    I2C2_EV_IRQHandler                       0x08000273   Thumb Code     0  startup_stm32f411xe.o(.text)
    I2C3_ER_IRQHandler                       0x08000273   Thumb Code     0  startup_stm32f411xe.o(.text)
    I2C3_EV_IRQHandler                       0x08000273   Thumb Code     0  startup_stm32f411xe.o(.text)
    OTG_FS_IRQHandler                        0x08000273   Thumb Code     0  startup_stm32f411xe.o(.text)
    OTG_FS_WKUP_IRQHandler                   0x08000273   Thumb Code     0  startup_stm32f411xe.o(.text)
    PVD_IRQHandler                           0x08000273   Thumb Code     0  startup_stm32f411xe.o(.text)
    RCC_IRQHandler                           0x08000273   Thumb Code     0  startup_stm32f411xe.o(.text)
    RTC_Alarm_IRQHandler                     0x08000273   Thumb Code     0  startup_stm32f411xe.o(.text)
    RTC_WKUP_IRQHandler                      0x08000273   Thumb Code     0  startup_stm32f411xe.o(.text)
    SDIO_IRQHandler                          0x08000273   Thumb Code     0  startup_stm32f411xe.o(.text)
    SPI1_IRQHandler                          0x08000273   Thumb Code     0  startup_stm32f411xe.o(.text)
    SPI2_IRQHandler                          0x08000273   Thumb Code     0  startup_stm32f411xe.o(.text)
    SPI3_IRQHandler                          0x08000273   Thumb Code     0  startup_stm32f411xe.o(.text)
    SPI4_IRQHandler                          0x08000273   Thumb Code     0  startup_stm32f411xe.o(.text)
    SPI5_IRQHandler                          0x08000273   Thumb Code     0  startup_stm32f411xe.o(.text)
    TAMP_STAMP_IRQHandler                    0x08000273   Thumb Code     0  startup_stm32f411xe.o(.text)
    TIM1_BRK_TIM9_IRQHandler                 0x08000273   Thumb Code     0  startup_stm32f411xe.o(.text)
    TIM1_CC_IRQHandler                       0x08000273   Thumb Code     0  startup_stm32f411xe.o(.text)
    TIM1_TRG_COM_TIM11_IRQHandler            0x08000273   Thumb Code     0  startup_stm32f411xe.o(.text)
    TIM1_UP_TIM10_IRQHandler                 0x08000273   Thumb Code     0  startup_stm32f411xe.o(.text)
    TIM2_IRQHandler                          0x08000273   Thumb Code     0  startup_stm32f411xe.o(.text)
    TIM3_IRQHandler                          0x08000273   Thumb Code     0  startup_stm32f411xe.o(.text)
    TIM4_IRQHandler                          0x08000273   Thumb Code     0  startup_stm32f411xe.o(.text)
    TIM5_IRQHandler                          0x08000273   Thumb Code     0  startup_stm32f411xe.o(.text)
    USART1_IRQHandler                        0x08000273   Thumb Code     0  startup_stm32f411xe.o(.text)
    USART2_IRQHandler                        0x08000273   Thumb Code     0  startup_stm32f411xe.o(.text)
    USART6_IRQHandler                        0x08000273   Thumb Code     0  startup_stm32f411xe.o(.text)
    WWDG_IRQHandler                          0x08000273   Thumb Code     0  startup_stm32f411xe.o(.text)
    __user_initial_stackheap                 0x08000275   Thumb Code     0  startup_stm32f411xe.o(.text)
    malloc                                   0x08000299   Thumb Code    94  h1_alloc.o(.text)
    free                                     0x080002f7   Thumb Code    78  h1_free.o(.text)
    __2printf                                0x08000345   Thumb Code    20  noretval__2printf.o(.text)
    __printf                                 0x0800035d   Thumb Code   104  __printf.o(.text)
    __use_two_region_memory                  0x080003c5   Thumb Code     2  heapauxi.o(.text)
    __rt_heap_escrow                         0x080003c7   Thumb Code     2  heapauxi.o(.text)
    __rt_heap_expand                         0x080003c9   Thumb Code     2  heapauxi.o(.text)
    __rt_heap_descriptor                     0x080003cd   Thumb Code     8  rt_heap_descriptor_intlibspace.o(.text)
    __use_no_heap                            0x080003d5   Thumb Code     2  hguard.o(.text)
    __heap$guard                             0x080003d7   Thumb Code     2  hguard.o(.text)
    _terminate_user_alloc                    0x080003d9   Thumb Code     2  init_alloc.o(.text)
    _init_user_alloc                         0x080003db   Thumb Code     2  init_alloc.o(.text)
    __Heap_Full                              0x080003dd   Thumb Code    34  init_alloc.o(.text)
    __Heap_Broken                            0x080003ff   Thumb Code     6  init_alloc.o(.text)
    _init_alloc                              0x08000405   Thumb Code    94  init_alloc.o(.text)
    __Heap_Initialize                        0x08000463   Thumb Code    10  h1_init.o(.text)
    __Heap_DescSize                          0x0800046d   Thumb Code     4  h1_init.o(.text)
    __read_errno                             0x08000471   Thumb Code    10  _rserrno.o(.text)
    __set_errno                              0x0800047b   Thumb Code    12  _rserrno.o(.text)
    __lib_sel_fp_printf                      0x08000487   Thumb Code     2  _printf_fp_dec.o(.text)
    _printf_fp_dec_real                      0x08000639   Thumb Code   620  _printf_fp_dec.o(.text)
    _printf_char_file                        0x080008a5   Thumb Code    32  _printf_char_file.o(.text)
    ferror                                   0x080008c9   Thumb Code     8  ferror.o(.text)
    __user_libspace                          0x080008d1   Thumb Code     8  libspace.o(.text)
    __user_perproc_libspace                  0x080008d1   Thumb Code     0  libspace.o(.text)
    __user_perthread_libspace                0x080008d1   Thumb Code     0  libspace.o(.text)
    __rt_locale                              0x080008d9   Thumb Code     8  rt_locale_intlibspace.o(.text)
    __aeabi_errno_addr                       0x080008e1   Thumb Code     8  rt_errno_addr_intlibspace.o(.text)
    __errno$intlibspace                      0x080008e1   Thumb Code     0  rt_errno_addr_intlibspace.o(.text)
    __rt_errno_addr$intlibspace              0x080008e1   Thumb Code     0  rt_errno_addr_intlibspace.o(.text)
    __Heap_ProvideMemory                     0x080008e9   Thumb Code    52  h1_extend.o(.text)
    _ll_udiv10                               0x0800091d   Thumb Code   138  lludiv10.o(.text)
    _printf_char_common                      0x080009b3   Thumb Code    32  _printf_char_common.o(.text)
    _printf_fp_infnan                        0x080009d9   Thumb Code   112  _printf_fp_infnan.o(.text)
    _btod_etento                             0x08000a59   Thumb Code   224  bigflt0.o(.text)
    __rt_SIGRTMEM                            0x08000b3d   Thumb Code    14  defsig_rtmem_outer.o(.text)
    __I$use$semihosting                      0x08000b4b   Thumb Code     0  use_no_semi.o(.text)
    __use_no_semihosting_swi                 0x08000b4b   Thumb Code     2  use_no_semi.o(.text)
    __semihosting_library_function           0x08000b4d   Thumb Code     0  indicate_semi.o(.text)
    __user_setup_stackheap                   0x08000b4d   Thumb Code    74  sys_stackheap_outer.o(.text)
    exit                                     0x08000b97   Thumb Code    18  exit.o(.text)
    __sig_exit                               0x08000ba9   Thumb Code    10  defsig_exit.o(.text)
    __rt_SIGRTMEM_inner                      0x08000bb5   Thumb Code    22  defsig_rtmem_inner.o(.text)
    strcmp                                   0x08000c05   Thumb Code   128  strcmpv7m.o(.text)
    _sys_exit                                0x08000c85   Thumb Code     8  sys_exit.o(.text)
    __default_signal_display                 0x08000c91   Thumb Code    50  defsig_general.o(.text)
    _ttywrch                                 0x08000cc3   Thumb Code    14  sys_wrch.o(.text)
    _btod_d2e                                0x08000cd1   Thumb Code    62  btod.o(CL$$btod_d2e)
    _d2e_denorm_low                          0x08000d0f   Thumb Code    70  btod.o(CL$$btod_d2e_denorm_low)
    _d2e_norm_op1                            0x08000d55   Thumb Code    96  btod.o(CL$$btod_d2e_norm_op1)
    __btod_div_common                        0x08000db5   Thumb Code   696  btod.o(CL$$btod_div_common)
    _e2e                                     0x080010ed   Thumb Code   220  btod.o(CL$$btod_e2e)
    _btod_ediv                               0x080011c9   Thumb Code    42  btod.o(CL$$btod_ediv)
    _btod_emul                               0x080011f3   Thumb Code    42  btod.o(CL$$btod_emul)
    __btod_mult_common                       0x0800121d   Thumb Code   580  btod.o(CL$$btod_mult_common)
    SystemInit                               0x08001461   Thumb Code    82  system_stm32f4xx.o(i.SystemInit)
    USART2_Init                              0x080014c5   Thumb Code   112  uart.o(i.USART2_Init)
    USART2_write                             0x08001541   Thumb Code    24  uart.o(i.USART2_write)
    __ARM_fpclassify                         0x0800155d   Thumb Code    48  fpclassify.o(i.__ARM_fpclassify)
    __ARM_fpclassifyf                        0x0800158d   Thumb Code    38  fpclassifyf.o(i.__ARM_fpclassifyf)
    __hardfp_powf                            0x080015b5   Thumb Code  1606  powf.o(i.__hardfp_powf)
    __mathlib_powf                           0x080015b5   Thumb Code     0  powf.o(i.__hardfp_powf)
    __mathlib_flt_divzero                    0x08001c19   Thumb Code    14  funder.o(i.__mathlib_flt_divzero)
    __mathlib_flt_infnan2                    0x08001c2d   Thumb Code     6  funder.o(i.__mathlib_flt_infnan2)
    __mathlib_flt_invalid                    0x08001c35   Thumb Code    10  funder.o(i.__mathlib_flt_invalid)
    __mathlib_flt_overflow                   0x08001c45   Thumb Code    10  funder.o(i.__mathlib_flt_overflow)
    __mathlib_flt_underflow                  0x08001c55   Thumb Code    10  funder.o(i.__mathlib_flt_underflow)
    find_error_smpl                          0x08001c65   Thumb Code    78  simple_neural_networks.o(i.find_error_smpl)
    fputc                                    0x08001cb3   Thumb Code    14  uart.o(i.fputc)
    hidden_nn                                0x08001cc1   Thumb Code    88  simple_neural_networks.o(i.hidden_nn)
    main                                     0x08001d19   Thumb Code   258  main.o(i.main)
    matrix_vector_multiplication             0x08001ebd   Thumb Code   150  simple_neural_networks.o(i.matrix_vector_multiplication)
    _get_lc_numeric                          0x08001f55   Thumb Code    44  lc_numeric_c.o(locale$$code)
    __aeabi_d2f                              0x08001f81   Thumb Code     0  d2f.o(x$fpl$d2f)
    _d2f                                     0x08001f81   Thumb Code    98  d2f.o(x$fpl$d2f)
    __aeabi_dadd                             0x08001fe5   Thumb Code     0  daddsub_clz.o(x$fpl$dadd)
    _dadd                                    0x08001fe5   Thumb Code   332  daddsub_clz.o(x$fpl$dadd)
    __aeabi_dmul                             0x08002135   Thumb Code     0  dmul.o(x$fpl$dmul)
    _dmul                                    0x08002135   Thumb Code   332  dmul.o(x$fpl$dmul)
    __fpl_dnaninf                            0x08002289   Thumb Code   156  dnaninf.o(x$fpl$dnaninf)
    __fpl_dretinf                            0x08002325   Thumb Code    12  dretinf.o(x$fpl$dretinf)
    __aeabi_dsub                             0x08002331   Thumb Code     0  daddsub_clz.o(x$fpl$dsub)
    _dsub                                    0x08002331   Thumb Code   464  daddsub_clz.o(x$fpl$dsub)
    __aeabi_f2d                              0x08002505   Thumb Code     0  f2d.o(x$fpl$f2d)
    _f2d                                     0x08002505   Thumb Code    86  f2d.o(x$fpl$f2d)
    __fpl_fnaninf                            0x0800255b   Thumb Code   140  fnaninf.o(x$fpl$fnaninf)
    _fp_init                                 0x080025e7   Thumb Code    10  fpinit.o(x$fpl$fpinit)
    __fplib_config_fpu_vfp                   0x080025ef   Thumb Code     0  fpinit.o(x$fpl$fpinit)
    __fplib_config_pureend_doubles           0x080025ef   Thumb Code     0  fpinit.o(x$fpl$fpinit)
    __fpl_fretinf                            0x080025f1   Thumb Code    10  fretinf.o(x$fpl$fretinf)
    _printf_fp_dec                           0x080025fb   Thumb Code     4  printf1.o(x$fpl$printf1)
    __I$use$fp                               0x080025fe   Number         0  usenofp.o(x$fpl$usenofp)
    Region$$Table$$Base                      0x080027d4   Number         0  anon$$obj.o(Region$$Table)
    Region$$Table$$Limit                     0x080027f4   Number         0  anon$$obj.o(Region$$Table)
    input_to_hidden_weights                  0x20000000   Data          72  main.o(.data)
    hidden_to_output_weights                 0x20000048   Data          72  main.o(.data)
    input_vector                             0x20000090   Data          24  main.o(.data)
    expected_values                          0x200000a8   Data          24  main.o(.data)
    __stdin                                  0x200000c0   Data           4  uart.o(.data)
    __stdout                                 0x200000c4   Data           4  uart.o(.data)
    __stderr                                 0x200000c8   Data           4  uart.o(.data)
    n                                        0x200000cc   Data           4  uart.o(.data)
    predicted_output                         0x200000d0   Data          24  main.o(.bss)
    __libspace_start                         0x200000e8   Data          96  libspace.o(.bss)
    __temporary_stack_top$libspace           0x20000148   Data           0  libspace.o(.bss)



==============================================================================

Memory Map of the image

  Image Entry point : 0x08000259

  Load Region LR_1 (Base: 0x08000000, Size: 0x000028e0, Max: 0xffffffff, ABSOLUTE)

    Execution Region ER_RO (Exec base: 0x08000000, Load base: 0x08000000, Size: 0x00002810, Max: 0xffffffff, ABSOLUTE)

    Exec Addr    Load Addr    Size         Type   Attr      Idx    E Section Name        Object

    0x08000000   0x08000000   0x00000198   Data   RO          208    RESET               startup_stm32f411xe.o
    0x08000198   0x08000198   0x00000008   Code   RO          355  * !!!main             c_w.l(__main.o)
    0x080001a0   0x080001a0   0x00000034   Code   RO          707    !!!scatter          c_w.l(__scatter.o)
    0x080001d4   0x080001d4   0x0000001a   Code   RO          709    !!handler_copy      c_w.l(__scatter_copy.o)
    0x080001ee   0x080001ee   0x00000002   PAD
    0x080001f0   0x080001f0   0x0000001c   Code   RO          711    !!handler_zi        c_w.l(__scatter_zi.o)
    0x0800020c   0x0800020c   0x00000000   Code   RO          344    .ARM.Collect$$_printf_percent$$00000000  c_w.l(_printf_percent.o)
    0x0800020c   0x0800020c   0x00000006   Code   RO          343    .ARM.Collect$$_printf_percent$$00000003  c_w.l(_printf_f.o)
    0x08000212   0x08000212   0x00000004   Code   RO          429    .ARM.Collect$$_printf_percent$$00000017  c_w.l(_printf_percent_end.o)
    0x08000216   0x08000216   0x00000002   Code   RO          641    .ARM.Collect$$libinit$$00000000  c_w.l(libinit.o)
    0x08000218   0x08000218   0x00000004   Code   RO          442    .ARM.Collect$$libinit$$00000001  c_w.l(libinit2.o)
    0x0800021c   0x0800021c   0x00000000   Code   RO          445    .ARM.Collect$$libinit$$00000004  c_w.l(libinit2.o)
    0x0800021c   0x0800021c   0x00000008   Code   RO          446    .ARM.Collect$$libinit$$00000005  c_w.l(libinit2.o)
    0x08000224   0x08000224   0x00000000   Code   RO          448    .ARM.Collect$$libinit$$0000000A  c_w.l(libinit2.o)
    0x08000224   0x08000224   0x00000000   Code   RO          450    .ARM.Collect$$libinit$$0000000C  c_w.l(libinit2.o)
    0x08000224   0x08000224   0x00000000   Code   RO          452    .ARM.Collect$$libinit$$0000000E  c_w.l(libinit2.o)
    0x08000224   0x08000224   0x00000006   Code   RO          453    .ARM.Collect$$libinit$$0000000F  c_w.l(libinit2.o)
    0x0800022a   0x0800022a   0x00000000   Code   RO          455    .ARM.Collect$$libinit$$00000011  c_w.l(libinit2.o)
    0x0800022a   0x0800022a   0x00000000   Code   RO          457    .ARM.Collect$$libinit$$00000013  c_w.l(libinit2.o)
    0x0800022a   0x0800022a   0x00000000   Code   RO          459    .ARM.Collect$$libinit$$00000015  c_w.l(libinit2.o)
    0x0800022a   0x0800022a   0x0000000a   Code   RO          460    .ARM.Collect$$libinit$$00000016  c_w.l(libinit2.o)
    0x08000234   0x08000234   0x00000000   Code   RO          461    .ARM.Collect$$libinit$$00000017  c_w.l(libinit2.o)
    0x08000234   0x08000234   0x00000000   Code   RO          463    .ARM.Collect$$libinit$$00000019  c_w.l(libinit2.o)
    0x08000234   0x08000234   0x00000000   Code   RO          465    .ARM.Collect$$libinit$$0000001B  c_w.l(libinit2.o)
    0x08000234   0x08000234   0x00000000   Code   RO          467    .ARM.Collect$$libinit$$0000001D  c_w.l(libinit2.o)
    0x08000234   0x08000234   0x00000000   Code   RO          469    .ARM.Collect$$libinit$$0000001F  c_w.l(libinit2.o)
    0x08000234   0x08000234   0x00000000   Code   RO          471    .ARM.Collect$$libinit$$00000021  c_w.l(libinit2.o)
    0x08000234   0x08000234   0x00000000   Code   RO          473    .ARM.Collect$$libinit$$00000023  c_w.l(libinit2.o)
    0x08000234   0x08000234   0x00000000   Code   RO          475    .ARM.Collect$$libinit$$00000025  c_w.l(libinit2.o)
    0x08000234   0x08000234   0x00000000   Code   RO          479    .ARM.Collect$$libinit$$0000002C  c_w.l(libinit2.o)
    0x08000234   0x08000234   0x00000000   Code   RO          481    .ARM.Collect$$libinit$$0000002E  c_w.l(libinit2.o)
    0x08000234   0x08000234   0x00000000   Code   RO          483    .ARM.Collect$$libinit$$00000030  c_w.l(libinit2.o)
    0x08000234   0x08000234   0x00000000   Code   RO          485    .ARM.Collect$$libinit$$00000032  c_w.l(libinit2.o)
    0x08000234   0x08000234   0x00000002   Code   RO          486    .ARM.Collect$$libinit$$00000033  c_w.l(libinit2.o)
    0x08000236   0x08000236   0x00000002   Code   RO          704    .ARM.Collect$$libshutdown$$00000000  c_w.l(libshutdown.o)
    0x08000238   0x08000238   0x00000000   Code   RO          657    .ARM.Collect$$libshutdown$$00000002  c_w.l(libshutdown2.o)
    0x08000238   0x08000238   0x00000000   Code   RO          659    .ARM.Collect$$libshutdown$$00000004  c_w.l(libshutdown2.o)
    0x08000238   0x08000238   0x00000000   Code   RO          662    .ARM.Collect$$libshutdown$$00000007  c_w.l(libshutdown2.o)
    0x08000238   0x08000238   0x00000000   Code   RO          665    .ARM.Collect$$libshutdown$$0000000A  c_w.l(libshutdown2.o)
    0x08000238   0x08000238   0x00000000   Code   RO          667    .ARM.Collect$$libshutdown$$0000000C  c_w.l(libshutdown2.o)
    0x08000238   0x08000238   0x00000000   Code   RO          670    .ARM.Collect$$libshutdown$$0000000F  c_w.l(libshutdown2.o)
    0x08000238   0x08000238   0x00000002   Code   RO          671    .ARM.Collect$$libshutdown$$00000010  c_w.l(libshutdown2.o)
    0x0800023a   0x0800023a   0x00000000   Code   RO          395    .ARM.Collect$$rtentry$$00000000  c_w.l(__rtentry.o)
    0x0800023a   0x0800023a   0x00000000   Code   RO          522    .ARM.Collect$$rtentry$$00000002  c_w.l(__rtentry2.o)
    0x0800023a   0x0800023a   0x00000006   Code   RO          534    .ARM.Collect$$rtentry$$00000004  c_w.l(__rtentry4.o)
    0x08000240   0x08000240   0x00000000   Code   RO          524    .ARM.Collect$$rtentry$$00000009  c_w.l(__rtentry2.o)
    0x08000240   0x08000240   0x00000004   Code   RO          525    .ARM.Collect$$rtentry$$0000000A  c_w.l(__rtentry2.o)
    0x08000244   0x08000244   0x00000000   Code   RO          527    .ARM.Collect$$rtentry$$0000000C  c_w.l(__rtentry2.o)
    0x08000244   0x08000244   0x00000008   Code   RO          528    .ARM.Collect$$rtentry$$0000000D  c_w.l(__rtentry2.o)
    0x0800024c   0x0800024c   0x00000002   Code   RO          644    .ARM.Collect$$rtexit$$00000000  c_w.l(rtexit.o)
    0x0800024e   0x0800024e   0x00000000   Code   RO          675    .ARM.Collect$$rtexit$$00000002  c_w.l(rtexit2.o)
    0x0800024e   0x0800024e   0x00000004   Code   RO          676    .ARM.Collect$$rtexit$$00000003  c_w.l(rtexit2.o)
    0x08000252   0x08000252   0x00000006   Code   RO          677    .ARM.Collect$$rtexit$$00000004  c_w.l(rtexit2.o)
    0x08000258   0x08000258   0x00000000   Code   RO          548    .emb_text           c_w.l(maybetermalloc1.o)
    0x08000258   0x08000258   0x00000040   Code   RO          209  * .text               startup_stm32f411xe.o
    0x08000298   0x08000298   0x0000005e   Code   RO          256    .text               c_w.l(h1_alloc.o)
    0x080002f6   0x080002f6   0x0000004e   Code   RO          258    .text               c_w.l(h1_free.o)
    0x08000344   0x08000344   0x00000018   Code   RO          316    .text               c_w.l(noretval__2printf.o)
    0x0800035c   0x0800035c   0x00000068   Code   RO          318    .text               c_w.l(__printf.o)
    0x080003c4   0x080003c4   0x00000006   Code   RO          353    .text               c_w.l(heapauxi.o)
    0x080003ca   0x080003ca   0x00000002   PAD
    0x080003cc   0x080003cc   0x00000008   Code   RO          399    .text               c_w.l(rt_heap_descriptor_intlibspace.o)
    0x080003d4   0x080003d4   0x00000004   Code   RO          401    .text               c_w.l(hguard.o)
    0x080003d8   0x080003d8   0x0000008a   Code   RO          403    .text               c_w.l(init_alloc.o)
    0x08000462   0x08000462   0x0000000e   Code   RO          407    .text               c_w.l(h1_init.o)
    0x08000470   0x08000470   0x00000016   Code   RO          421    .text               c_w.l(_rserrno.o)
    0x08000486   0x08000486   0x0000041e   Code   RO          425    .text               c_w.l(_printf_fp_dec.o)
    0x080008a4   0x080008a4   0x00000024   Code   RO          427    .text               c_w.l(_printf_char_file.o)
    0x080008c8   0x080008c8   0x00000008   Code   RO          434    .text               c_w.l(ferror.o)
    0x080008d0   0x080008d0   0x00000008   Code   RO          518    .text               c_w.l(libspace.o)
    0x080008d8   0x080008d8   0x00000008   Code   RO          539    .text               c_w.l(rt_locale_intlibspace.o)
    0x080008e0   0x080008e0   0x00000008   Code   RO          544    .text               c_w.l(rt_errno_addr_intlibspace.o)
    0x080008e8   0x080008e8   0x00000034   Code   RO          550    .text               c_w.l(h1_extend.o)
    0x0800091c   0x0800091c   0x0000008a   Code   RO          554    .text               c_w.l(lludiv10.o)
    0x080009a6   0x080009a6   0x00000002   PAD
    0x080009a8   0x080009a8   0x00000030   Code   RO          556    .text               c_w.l(_printf_char_common.o)
    0x080009d8   0x080009d8   0x00000080   Code   RO          558    .text               c_w.l(_printf_fp_infnan.o)
    0x08000a58   0x08000a58   0x000000e4   Code   RO          562    .text               c_w.l(bigflt0.o)
    0x08000b3c   0x08000b3c   0x0000000e   Code   RO          594    .text               c_w.l(defsig_rtmem_outer.o)
    0x08000b4a   0x08000b4a   0x00000002   Code   RO          607    .text               c_w.l(use_no_semi.o)
    0x08000b4c   0x08000b4c   0x00000000   Code   RO          609    .text               c_w.l(indicate_semi.o)
    0x08000b4c   0x08000b4c   0x0000004a   Code   RO          610    .text               c_w.l(sys_stackheap_outer.o)
    0x08000b96   0x08000b96   0x00000012   Code   RO          624    .text               c_w.l(exit.o)
    0x08000ba8   0x08000ba8   0x0000000a   Code   RO          626    .text               c_w.l(defsig_exit.o)
    0x08000bb2   0x08000bb2   0x00000002   PAD
    0x08000bb4   0x08000bb4   0x00000050   Code   RO          628    .text               c_w.l(defsig_rtmem_inner.o)
    0x08000c04   0x08000c04   0x00000080   Code   RO          630    .text               c_w.l(strcmpv7m.o)
    0x08000c84   0x08000c84   0x0000000c   Code   RO          642    .text               c_w.l(sys_exit.o)
    0x08000c90   0x08000c90   0x00000032   Code   RO          654    .text               c_w.l(defsig_general.o)
    0x08000cc2   0x08000cc2   0x0000000e   Code   RO          672    .text               c_w.l(sys_wrch.o)
    0x08000cd0   0x08000cd0   0x0000003e   Code   RO          565    CL$$btod_d2e        c_w.l(btod.o)
    0x08000d0e   0x08000d0e   0x00000046   Code   RO          567    CL$$btod_d2e_denorm_low  c_w.l(btod.o)
    0x08000d54   0x08000d54   0x00000060   Code   RO          566    CL$$btod_d2e_norm_op1  c_w.l(btod.o)
    0x08000db4   0x08000db4   0x00000338   Code   RO          575    CL$$btod_div_common  c_w.l(btod.o)
    0x080010ec   0x080010ec   0x000000dc   Code   RO          572    CL$$btod_e2e        c_w.l(btod.o)
    0x080011c8   0x080011c8   0x0000002a   Code   RO          569    CL$$btod_ediv       c_w.l(btod.o)
    0x080011f2   0x080011f2   0x0000002a   Code   RO          568    CL$$btod_emul       c_w.l(btod.o)
    0x0800121c   0x0800121c   0x00000244   Code   RO          574    CL$$btod_mult_common  c_w.l(btod.o)
    0x08001460   0x08001460   0x00000064   Code   RO          217    i.SystemInit        system_stm32f4xx.o
    0x080014c4   0x080014c4   0x0000007c   Code   RO          144    i.USART2_Init       uart.o
    0x08001540   0x08001540   0x0000001c   Code   RO          146    i.USART2_write      uart.o
    0x0800155c   0x0800155c   0x00000030   Code   RO          605    i.__ARM_fpclassify  m_wm.l(fpclassify.o)
    0x0800158c   0x0800158c   0x00000026   Code   RO          500    i.__ARM_fpclassifyf  m_wm.l(fpclassifyf.o)
    0x080015b2   0x080015b2   0x00000002   PAD
    0x080015b4   0x080015b4   0x00000664   Code   RO          379    i.__hardfp_powf     m_wm.l(powf.o)
    0x08001c18   0x08001c18   0x00000014   Code   RO          502    i.__mathlib_flt_divzero  m_wm.l(funder.o)
    0x08001c2c   0x08001c2c   0x00000006   Code   RO          504    i.__mathlib_flt_infnan2  m_wm.l(funder.o)
    0x08001c32   0x08001c32   0x00000002   PAD
    0x08001c34   0x08001c34   0x00000010   Code   RO          505    i.__mathlib_flt_invalid  m_wm.l(funder.o)
    0x08001c44   0x08001c44   0x00000010   Code   RO          506    i.__mathlib_flt_overflow  m_wm.l(funder.o)
    0x08001c54   0x08001c54   0x00000010   Code   RO          508    i.__mathlib_flt_underflow  m_wm.l(funder.o)
    0x08001c64   0x08001c64   0x0000004e   Code   RO           73    i.find_error_smpl   simple_neural_networks.o
    0x08001cb2   0x08001cb2   0x0000000e   Code   RO          148    i.fputc             uart.o
    0x08001cc0   0x08001cc0   0x00000058   Code   RO           74    i.hidden_nn         simple_neural_networks.o
    0x08001d18   0x08001d18   0x000001a4   Code   RO            4    i.main              main.o
    0x08001ebc   0x08001ebc   0x00000096   Code   RO           75    i.matrix_vector_multiplication  simple_neural_networks.o
    0x08001f52   0x08001f52   0x00000002   PAD
    0x08001f54   0x08001f54   0x0000002c   Code   RO          592    locale$$code        c_w.l(lc_numeric_c.o)
    0x08001f80   0x08001f80   0x00000062   Code   RO          357    x$fpl$d2f           fz_wm.l(d2f.o)
    0x08001fe2   0x08001fe2   0x00000002   PAD
    0x08001fe4   0x08001fe4   0x00000150   Code   RO          359    x$fpl$dadd          fz_wm.l(daddsub_clz.o)
    0x08002134   0x08002134   0x00000154   Code   RO          373    x$fpl$dmul          fz_wm.l(dmul.o)
    0x08002288   0x08002288   0x0000009c   Code   RO          489    x$fpl$dnaninf       fz_wm.l(dnaninf.o)
    0x08002324   0x08002324   0x0000000c   Code   RO          491    x$fpl$dretinf       fz_wm.l(dretinf.o)
    0x08002330   0x08002330   0x000001d4   Code   RO          361    x$fpl$dsub          fz_wm.l(daddsub_clz.o)
    0x08002504   0x08002504   0x00000056   Code   RO          375    x$fpl$f2d           fz_wm.l(f2d.o)
    0x0800255a   0x0800255a   0x0000008c   Code   RO          493    x$fpl$fnaninf       fz_wm.l(fnaninf.o)
    0x080025e6   0x080025e6   0x0000000a   Code   RO          603    x$fpl$fpinit        fz_wm.l(fpinit.o)
    0x080025f0   0x080025f0   0x0000000a   Code   RO          495    x$fpl$fretinf       fz_wm.l(fretinf.o)
    0x080025fa   0x080025fa   0x00000004   Code   RO          377    x$fpl$printf1       fz_wm.l(printf1.o)
    0x080025fe   0x080025fe   0x00000000   Code   RO          499    x$fpl$usenofp       fz_wm.l(usenofp.o)
    0x080025fe   0x080025fe   0x00000002   PAD
    0x08002600   0x08002600   0x00000140   Data   RO          382    .constdata          m_wm.l(powf.o)
    0x08002740   0x08002740   0x00000094   Data   RO          563    .constdata          c_w.l(bigflt0.o)
    0x080027d4   0x080027d4   0x00000020   Data   RO          705    Region$$Table       anon$$obj.o
    0x080027f4   0x080027f4   0x0000001c   Data   RO          591    locale$$data        c_w.l(lc_numeric_c.o)


    Execution Region ER_RW (Exec base: 0x20000000, Load base: 0x08002810, Size: 0x000000d0, Max: 0xffffffff, ABSOLUTE)

    Exec Addr    Load Addr    Size         Type   Attr      Idx    E Section Name        Object

    0x20000000   0x08002810   0x000000c0   Data   RW            6    .data               main.o
    0x200000c0   0x080028d0   0x00000010   Data   RW          151    .data               uart.o


    Execution Region ER_ZI (Exec base: 0x200000d0, Load base: 0x080028e0, Size: 0x00000678, Max: 0xffffffff, ABSOLUTE)

    Exec Addr    Load Addr    Size         Type   Attr      Idx    E Section Name        Object

    0x200000d0        -       0x00000018   Zero   RW            5    .bss                main.o
    0x200000e8        -       0x00000060   Zero   RW          519    .bss                c_w.l(libspace.o)
    0x20000148        -       0x00000200   Zero   RW          207    HEAP                startup_stm32f411xe.o
    0x20000348        -       0x00000400   Zero   RW          206    STACK               startup_stm32f411xe.o


==============================================================================

Image component sizes


      Code (inc. data)   RO Data    RW Data    ZI Data      Debug   Object Name

       420        162          0        192         24       6024   main.o
       316          0          0          0          0       2549   simple_neural_networks.o
        64         26        408          0       1536        864   startup_stm32f411xe.o
       100         18          0          0          0        525   system_stm32f4xx.o
       166         16          0         16          0       3345   uart.o

    ----------------------------------------------------------------------
      1068        222        440        208       1560      13307   Object Totals
         0          0         32          0          0          0   (incl. Generated)
         2          0          0          0          0          0   (incl. Padding)

    ----------------------------------------------------------------------

      Code (inc. data)   RO Data    RW Data    ZI Data      Debug   Library Member Name

         8          0          0          0          0         68   __main.o
       104          0          0          0          0         84   __printf.o
         0          0          0          0          0          0   __rtentry.o
        12          0          0          0          0          0   __rtentry2.o
         6          0          0          0          0          0   __rtentry4.o
        52          8          0          0          0          0   __scatter.o
        26          0          0          0          0          0   __scatter_copy.o
        28          0          0          0          0          0   __scatter_zi.o
        48          6          0          0          0         96   _printf_char_common.o
        36          4          0          0          0         80   _printf_char_file.o
         6          0          0          0          0          0   _printf_f.o
      1054          0          0          0          0        216   _printf_fp_dec.o
       128         16          0          0          0         84   _printf_fp_infnan.o
         0          0          0          0          0          0   _printf_percent.o
         4          0          0          0          0          0   _printf_percent_end.o
        22          0          0          0          0        100   _rserrno.o
       228          4        148          0          0         96   bigflt0.o
      1936        128          0          0          0        672   btod.o
        10          0          0          0          0         68   defsig_exit.o
        50          0          0          0          0         88   defsig_general.o
        80         58          0          0          0         76   defsig_rtmem_inner.o
        14          0          0          0          0         80   defsig_rtmem_outer.o
        18          0          0          0          0         80   exit.o
         8          0          0          0          0         68   ferror.o
        94          0          0          0          0         80   h1_alloc.o
        52          0          0          0          0         68   h1_extend.o
        78          0          0          0          0         80   h1_free.o
        14          0          0          0          0         84   h1_init.o
         6          0          0          0          0        152   heapauxi.o
         4          0          0          0          0        136   hguard.o
         0          0          0          0          0          0   indicate_semi.o
       138          0          0          0          0        168   init_alloc.o
        44         10         28          0          0         76   lc_numeric_c.o
         2          0          0          0          0          0   libinit.o
        30          0          0          0          0          0   libinit2.o
         2          0          0          0          0          0   libshutdown.o
         2          0          0          0          0          0   libshutdown2.o
         8          4          0          0         96         68   libspace.o
       138          0          0          0          0         80   lludiv10.o
         0          0          0          0          0          0   maybetermalloc1.o
        24          4          0          0          0         84   noretval__2printf.o
         8          4          0          0          0         68   rt_errno_addr_intlibspace.o
         8          4          0          0          0         68   rt_heap_descriptor_intlibspace.o
         8          4          0          0          0         68   rt_locale_intlibspace.o
         2          0          0          0          0          0   rtexit.o
        10          0          0          0          0          0   rtexit2.o
       128          0          0          0          0         68   strcmpv7m.o
        12          4          0          0          0         68   sys_exit.o
        74          0          0          0          0         80   sys_stackheap_outer.o
        14          0          0          0          0         76   sys_wrch.o
         2          0          0          0          0         68   use_no_semi.o
        98          4          0          0          0        140   d2f.o
       804         16          0          0          0        368   daddsub_clz.o
       340         12          0          0          0        152   dmul.o
       156          4          0          0          0        140   dnaninf.o
        12          0          0          0          0        116   dretinf.o
        86          4          0          0          0        132   f2d.o
       140          4          0          0          0        132   fnaninf.o
        10          0          0          0          0        116   fpinit.o
        10          0          0          0          0        116   fretinf.o
         4          0          0          0          0        116   printf1.o
         0          0          0          0          0          0   usenofp.o
        48          0          0          0          0        124   fpclassify.o
        38          0          0          0          0        116   fpclassifyf.o
        74         24          0          0          0        580   funder.o
      1636        110        320          0          0        372   powf.o

    ----------------------------------------------------------------------
      8252        436        496          0         96       6316   Library Totals
        16          0          0          0          0          0   (incl. Padding)

    ----------------------------------------------------------------------

      Code (inc. data)   RO Data    RW Data    ZI Data      Debug   Library Name

      4780        258        176          0         96       3596   c_w.l
      1660         44          0          0          0       1528   fz_wm.l
      1796        134        320          0          0       1192   m_wm.l

    ----------------------------------------------------------------------
      8252        436        496          0         96       6316   Library Totals

    ----------------------------------------------------------------------

==============================================================================


      Code (inc. data)   RO Data    RW Data    ZI Data      Debug   

      9320        658        936        208       1656      15395   Grand Totals
      9320        658        936        208       1656      15395   ELF Image Totals
      9320        658        936        208          0          0   ROM Totals

==============================================================================

    Total RO  Size (Code + RO Data)                10256 (  10.02kB)
    Total RW  Size (RW Data + ZI Data)              1864 (   1.82kB)
    Total ROM Size (Code + RO Data + RW Data)      10464 (  10.22kB)

==============================================================================

